Archive member included to satisfy reference by file (symbol)

../Middlewares/ST/ARM/DSP/Lib\libarm_cortexM4lf_math.a(arm_fir_init_f32.o)
                              ./Core/Src/main.o (arm_fir_init_f32)
../Middlewares/ST/ARM/DSP/Lib\libarm_cortexM4lf_math.a(arm_fir_f32.o)
                              ./Core/Src/main.o (arm_fir_f32)
E:/STM32CubeIDE_1.16.1/STM32CubeIDE/plugins/com.st.stm32cube.ide.mcu.externaltools.gnu-tools-for-stm32.12.3.rel1.win32_1.0.200.202406191623/tools/bin/../lib/gcc/arm-none-eabi/12.3.1/../../../../arm-none-eabi/lib/thumb/v7e-m+fp/hard\libc_nano.a(libc_a-exit.o)
                              E:/STM32CubeIDE_1.16.1/STM32CubeIDE/plugins/com.st.stm32cube.ide.mcu.externaltools.gnu-tools-for-stm32.12.3.rel1.win32_1.0.200.202406191623/tools/bin/../lib/gcc/arm-none-eabi/12.3.1/../../../../arm-none-eabi/lib/thumb/v7e-m+fp/hard/crt0.o (exit)
E:/STM32CubeIDE_1.16.1/STM32CubeIDE/plugins/com.st.stm32cube.ide.mcu.externaltools.gnu-tools-for-stm32.12.3.rel1.win32_1.0.200.202406191623/tools/bin/../lib/gcc/arm-none-eabi/12.3.1/../../../../arm-none-eabi/lib/thumb/v7e-m+fp/hard\libc_nano.a(libc_a-findfp.o)
                              E:/STM32CubeIDE_1.16.1/STM32CubeIDE/plugins/com.st.stm32cube.ide.mcu.externaltools.gnu-tools-for-stm32.12.3.rel1.win32_1.0.200.202406191623/tools/bin/../lib/gcc/arm-none-eabi/12.3.1/../../../../arm-none-eabi/lib/thumb/v7e-m+fp/hard\libc_nano.a(libc_a-exit.o) (__stdio_exit_handler)
E:/STM32CubeIDE_1.16.1/STM32CubeIDE/plugins/com.st.stm32cube.ide.mcu.externaltools.gnu-tools-for-stm32.12.3.rel1.win32_1.0.200.202406191623/tools/bin/../lib/gcc/arm-none-eabi/12.3.1/../../../../arm-none-eabi/lib/thumb/v7e-m+fp/hard\libc_nano.a(libc_a-fwalk.o)
                              E:/STM32CubeIDE_1.16.1/STM32CubeIDE/plugins/com.st.stm32cube.ide.mcu.externaltools.gnu-tools-for-stm32.12.3.rel1.win32_1.0.200.202406191623/tools/bin/../lib/gcc/arm-none-eabi/12.3.1/../../../../arm-none-eabi/lib/thumb/v7e-m+fp/hard\libc_nano.a(libc_a-findfp.o) (_fwalk_sglue)
E:/STM32CubeIDE_1.16.1/STM32CubeIDE/plugins/com.st.stm32cube.ide.mcu.externaltools.gnu-tools-for-stm32.12.3.rel1.win32_1.0.200.202406191623/tools/bin/../lib/gcc/arm-none-eabi/12.3.1/../../../../arm-none-eabi/lib/thumb/v7e-m+fp/hard\libc_nano.a(libc_a-stdio.o)
                              E:/STM32CubeIDE_1.16.1/STM32CubeIDE/plugins/com.st.stm32cube.ide.mcu.externaltools.gnu-tools-for-stm32.12.3.rel1.win32_1.0.200.202406191623/tools/bin/../lib/gcc/arm-none-eabi/12.3.1/../../../../arm-none-eabi/lib/thumb/v7e-m+fp/hard\libc_nano.a(libc_a-findfp.o) (__sread)
E:/STM32CubeIDE_1.16.1/STM32CubeIDE/plugins/com.st.stm32cube.ide.mcu.externaltools.gnu-tools-for-stm32.12.3.rel1.win32_1.0.200.202406191623/tools/bin/../lib/gcc/arm-none-eabi/12.3.1/../../../../arm-none-eabi/lib/thumb/v7e-m+fp/hard\libc_nano.a(libc_a-memset.o)
                              E:/STM32CubeIDE_1.16.1/STM32CubeIDE/plugins/com.st.stm32cube.ide.mcu.externaltools.gnu-tools-for-stm32.12.3.rel1.win32_1.0.200.202406191623/tools/bin/../lib/gcc/arm-none-eabi/12.3.1/../../../../arm-none-eabi/lib/thumb/v7e-m+fp/hard/crt0.o (memset)
E:/STM32CubeIDE_1.16.1/STM32CubeIDE/plugins/com.st.stm32cube.ide.mcu.externaltools.gnu-tools-for-stm32.12.3.rel1.win32_1.0.200.202406191623/tools/bin/../lib/gcc/arm-none-eabi/12.3.1/../../../../arm-none-eabi/lib/thumb/v7e-m+fp/hard\libc_nano.a(libc_a-closer.o)
                              E:/STM32CubeIDE_1.16.1/STM32CubeIDE/plugins/com.st.stm32cube.ide.mcu.externaltools.gnu-tools-for-stm32.12.3.rel1.win32_1.0.200.202406191623/tools/bin/../lib/gcc/arm-none-eabi/12.3.1/../../../../arm-none-eabi/lib/thumb/v7e-m+fp/hard\libc_nano.a(libc_a-stdio.o) (_close_r)
E:/STM32CubeIDE_1.16.1/STM32CubeIDE/plugins/com.st.stm32cube.ide.mcu.externaltools.gnu-tools-for-stm32.12.3.rel1.win32_1.0.200.202406191623/tools/bin/../lib/gcc/arm-none-eabi/12.3.1/../../../../arm-none-eabi/lib/thumb/v7e-m+fp/hard\libc_nano.a(libc_a-reent.o)
                              E:/STM32CubeIDE_1.16.1/STM32CubeIDE/plugins/com.st.stm32cube.ide.mcu.externaltools.gnu-tools-for-stm32.12.3.rel1.win32_1.0.200.202406191623/tools/bin/../lib/gcc/arm-none-eabi/12.3.1/../../../../arm-none-eabi/lib/thumb/v7e-m+fp/hard\libc_nano.a(libc_a-closer.o) (errno)
E:/STM32CubeIDE_1.16.1/STM32CubeIDE/plugins/com.st.stm32cube.ide.mcu.externaltools.gnu-tools-for-stm32.12.3.rel1.win32_1.0.200.202406191623/tools/bin/../lib/gcc/arm-none-eabi/12.3.1/../../../../arm-none-eabi/lib/thumb/v7e-m+fp/hard\libc_nano.a(libc_a-impure.o)
                              E:/STM32CubeIDE_1.16.1/STM32CubeIDE/plugins/com.st.stm32cube.ide.mcu.externaltools.gnu-tools-for-stm32.12.3.rel1.win32_1.0.200.202406191623/tools/bin/../lib/gcc/arm-none-eabi/12.3.1/../../../../arm-none-eabi/lib/thumb/v7e-m+fp/hard\libc_nano.a(libc_a-reent.o) (_impure_ptr)
[...]
Memory Configuration

Name             Origin             Length             Attributes
RAM              0x20000000         0x00020000         xrw
FLASH            0x08000000         0x00080000         xr
*default*        0x00000000         0xffffffff

Linker script and memory map

LOAD E:/STM32CubeIDE_1.16.1/STM32CubeIDE/plugins/com.st.stm32cube.ide.mcu.externaltools.gnu-tools-for-stm32.12.3.rel1.win32_1.0.200.202406191623/tools/bin/../lib/gcc/arm-none-eabi/12.3.1/thumb/v7e-m+fp/hard/crti.o
LOAD E:/STM32CubeIDE_1.16.1/STM32CubeIDE/plugins/com.st.stm32cube.ide.mcu.externaltools.gnu-tools-for-stm32.12.3.rel1.win32_1.0.200.202406191623/tools/bin/../lib/gcc/arm-none-eabi/12.3.1/thumb/v7e-m+fp/hard/crtbegin.o
LOAD E:/STM32CubeIDE_1.16.1/STM32CubeIDE/plugins/com.st.stm32cube.ide.mcu.externaltools.gnu-tools-for-stm32.12.3.rel1.win32_1.0.200.202406191623/tools/bin/../lib/gcc/arm-none-eabi/12.3.1/../../../../arm-none-eabi/lib/thumb/v7e-m+fp/hard/crt0.o
LOAD ./Core/Src/main.o
LOAD ./Core/Src/stm32f4xx_hal_msp.o
LOAD ./Core/Src/stm32f4xx_it.o
LOAD ./Core/Src/syscalls.o
LOAD ./Core/Src/sysmem.o
LOAD ./Core/Src/system_stm32f4xx.o
LOAD ./Core/Startup/startup_stm32f446retx.o
LOAD ./Drivers/STM32F4xx_HAL_Driver/Src/stm32f4xx_hal.o
LOAD ./Drivers/STM32F4xx_HAL_Driver/Src/stm32f4xx_hal_cortex.o
LOAD ./Drivers/STM32F4xx_HAL_Driver/Src/stm32f4xx_hal_dma.o
LOAD ./Drivers/STM32F4xx_HAL_Driver/Src/stm32f4xx_hal_dma_ex.o
LOAD ./Drivers/STM32F4xx_HAL_Driver/Src/stm32f4xx_hal_exti.o
LOAD ./Drivers/STM32F4xx_HAL_Driver/Src/stm32f4xx_hal_flash.o
LOAD ./Drivers/STM32F4xx_HAL_Driver/Src/stm32f4xx_hal_flash_ex.o
LOAD ./Drivers/STM32F4xx_HAL_Driver/Src/stm32f4xx_hal_flash_ramfunc.o
LOAD ./Drivers/STM32F4xx_HAL_Driver/Src/stm32f4xx_hal_gpio.o
LOAD ./Drivers/STM32F4xx_HAL_Driver/Src/stm32f4xx_hal_i2s.o
LOAD ./Drivers/STM32F4xx_HAL_Driver/Src/stm32f4xx_hal_i2s_ex.o
LOAD ./Drivers/STM32F4xx_HAL_Driver/Src/stm32f4xx_hal_pwr.o
LOAD ./Drivers/STM32F4xx_HAL_Driver/Src/stm32f4xx_hal_pwr_ex.o
LOAD ./Drivers/STM32F4xx_HAL_Driver/Src/stm32f4xx_hal_rcc.o
LOAD ./Drivers/STM32F4xx_HAL_Driver/Src/stm32f4xx_hal_rcc_ex.o
LOAD ./Drivers/STM32F4xx_HAL_Driver/Src/stm32f4xx_hal_tim.o
LOAD ./Drivers/STM32F4xx_HAL_Driver/Src/stm32f4xx_hal_tim_ex.o
LOAD ./Drivers/STM32F4xx_HAL_Driver/Src/stm32f4xx_hal_uart.o
LOAD ../Middlewares/ST/ARM/DSP/Lib\libarm_cortexM4lf_math.a
START GROUP
LOAD E:/STM32CubeIDE_1.16.1/STM32CubeIDE/plugins/com.st.stm32cube.ide.mcu.externaltools.gnu-tools-for-stm32.12.3.rel1.win32_1.0.200.202406191623/tools/bin/../lib/gcc/arm-none-eabi/12.3.1/../../../../arm-none-eabi/lib/thumb/v7e-m+fp/hard\libc_nano.a
LOAD E:/STM32CubeIDE_1.16.1/STM32CubeIDE/plugins/com.st.stm32cube.ide.mcu.externaltools.gnu-tools-for-stm32.12.3.rel1.win32_1.0.200.202406191623/tools/bin/../lib/gcc/arm-none-eabi/12.3.1/../../../../arm-none-eabi/lib/thumb/v7e-m+fp/hard\libm.a
END GROUP
START GROUP
LOAD E:/STM32CubeIDE_1.16.1/STM32CubeIDE/plugins/com.st.stm32cube.ide.mcu.externaltools.gnu-tools-for-stm32.12.3.rel1.win32_1.0.200.202406191623/tools/bin/../lib/gcc/arm-none-eabi/12.3.1/thumb/v7e-m+fp/hard\libgcc.a
LOAD E:/STM32CubeIDE_1.16.1/STM32CubeIDE/plugins/com.st.stm32cube.ide.mcu.externaltools.gnu-tools-for-stm32.12.3.rel1.win32_1.0.200.202406191623/tools/bin/../lib/gcc/arm-none-eabi/12.3.1/../../../../arm-none-eabi/lib/thumb/v7e-m+fp/hard\libc_nano.a
END GROUP
START GROUP
LOAD E:/STM32CubeIDE_1.16.1/STM32CubeIDE/plugins/com.st.stm32cube.ide.mcu.externaltools.gnu-tools-for-stm32.12.3.rel1.win32_1.0.200.202406191623/tools/bin/../lib/gcc/arm-none-eabi/12.3.1/thumb/v7e-m+fp/hard\libgcc.a
LOAD E:/STM32CubeIDE_1.16.1/STM32CubeIDE/plugins/com.st.stm32cube.ide.mcu.externaltools.gnu-tools-for-stm32.12.3.rel1.win32_1.0.200.202406191623/tools/bin/../lib/gcc/arm-none-eabi/12.3.1/../../../../arm-none-eabi/lib/thumb/v7e-m+fp/hard\libc_nano.a
LOAD E:/STM32CubeIDE_1.16.1/STM32CubeIDE/plugins/com.st.stm32cube.ide.mcu.externaltools.gnu-tools-for-stm32.12.3.rel1.win32_1.0.200.202406191623/tools/bin/../lib/gcc/arm-none-eabi/12.3.1/../../../../arm-none-eabi/lib/thumb/v7e-m+fp/hard\libnosys.a
END GROUP
START GROUP
LOAD E:/STM32CubeIDE_1.16.1/STM32CubeIDE/plugins/com.st.stm32cube.ide.mcu.externaltools.gnu-tools-for-stm32.12.3.rel1.win32_1.0.200.202406191623/tools/bin/../lib/gcc/arm-none-eabi/12.3.1/thumb/v7e-m+fp/hard\libgcc.a
LOAD E:/STM32CubeIDE_1.16.1/STM32CubeIDE/plugins/com.st.stm32cube.ide.mcu.externaltools.gnu-tools-for-stm32.12.3.rel1.win32_1.0.200.202406191623/tools/bin/../lib/gcc/arm-none-eabi/12.3.1/../../../../arm-none-eabi/lib/thumb/v7e-m+fp/hard\libc_nano.a
LOAD E:/STM32CubeIDE_1.16.1/STM32CubeIDE/plugins/com.st.stm32cube.ide.mcu.externaltools.gnu-tools-for-stm32.12.3.rel1.win32_1.0.200.202406191623/tools/bin/../lib/gcc/arm-none-eabi/12.3.1/../../../../arm-none-eabi/lib/thumb/v7e-m+fp/hard\libnosys.a
END GROUP
LOAD E:/STM32CubeIDE_1.16.1/STM32CubeIDE/plugins/com.st.stm32cube.ide.mcu.externaltools.gnu-tools-for-stm32.12.3.rel1.win32_1.0.200.202406191623/tools/bin/../lib/gcc/arm-none-eabi/12.3.1/thumb/v7e-m+fp/hard/crtend.o
LOAD E:/STM32CubeIDE_1.16.1/STM32CubeIDE/plugins/com.st.stm32cube.ide.mcu.externaltools.gnu-tools-for-stm32.12.3.rel1.win32_1.0.200.202406191623/tools/bin/../lib/gcc/arm-none-eabi/12.3.1/thumb/v7e-m+fp/hard/crtn.o
                0x20020000                        _estack = (ORIGIN (RAM) + LENGTH (RAM))
                0x00000200                        _Min_Heap_Size = 0x200
                0x00000400                        _Min_Stack_Size = 0x400

.isr_vector     0x08000000      0x1c4
                0x08000000                        . = ALIGN (0x4)
 *(.isr_vector)
 .isr_vector    0x08000000      0x1c4 ./Core/Startup/startup_stm32f446retx.o
                0x08000000                g_pfnVectors
                0x080001c4                        . = ALIGN (0x4)

.text           0x080001c8     0x63a0
                0x080001c8                        . = ALIGN (0x4)
 *(.text)
 .text          0x080001c8       0x40 E:/STM32CubeIDE_1.16.1/STM32CubeIDE/plugins/com.st.stm32cube.ide.mcu.externaltools.gnu-tools-for-stm32.12.3.rel1.win32_1.0.200.202406191623/tools/bin/../lib/gcc/arm-none-eabi/12.3.1/thumb/v7e-m+fp/hard/crtbegin.o
 .text          0x08000208      0x378 E:/STM32CubeIDE_1.16.1/STM32CubeIDE/plugins/com.st.stm32cube.ide.mcu.externaltools.gnu-tools-for-stm32.12.3.rel1.win32_1.0.200.202406191623/tools/bin/../lib/gcc/arm-none-eabi/12.3.1/thumb/v7e-m+fp/hard\libgcc.a(_arm_addsubdf3.o)
                0x08000208                __aeabi_drsub
                0x08000210                __aeabi_dsub
                0x08000210                __subdf3
                0x08000214                __aeabi_dadd
                0x08000214                __adddf3
                0x0800048c                __floatunsidf
                0x0800048c                __aeabi_ui2d
                0x080004ac                __floatsidf
                0x080004ac                __aeabi_i2d
                0x080004d0                __aeabi_f2d
                0x080004d0                __extendsfdf2
                0x08000514                __floatundidf
                0x08000514                __aeabi_ul2d
                0x08000524                __floatdidf
                0x08000524                __aeabi_l2d
 .text          0x08000580      0x424 E:/STM32CubeIDE_1.16.1/STM32CubeIDE/plugins/com.st.stm32cube.ide.mcu.externaltools.gnu-tools-for-stm32.12.3.rel1.win32_1.0.200.202406191623/tools/bin/../lib/gcc/arm-none-eabi/12.3.1/thumb/v7e-m+fp/hard\libgcc.a(_arm_muldivdf3.o)
                0x08000580                __aeabi_dmul
                0x08000580                __muldf3
                0x080007d4                __divdf3
                0x080007d4                __aeabi_ddiv
 .text          0x080009a4      0x110 E:/STM32CubeIDE_1.16.1/STM32CubeIDE/plugins/com.st.stm32cube.ide.mcu.externaltools.gnu-tools-for-stm32.12.3.rel1.win32_1.0.200.202406191623/tools/bin/../lib/gcc/arm-none-eabi/12.3.1/thumb/v7e-m+fp/hard\libgcc.a(_arm_cmpdf2.o)
                0x080009a4                __gtdf2
                0x080009a4                __gedf2
                0x080009ac                __ltdf2
                0x080009ac                __ledf2
                0x080009b4                __nedf2
                0x080009b4                __eqdf2
                0x080009b4                __cmpdf2
                0x08000a30                __aeabi_cdrcmple
                0x08000a40                __aeabi_cdcmpeq
                0x08000a40                __aeabi_cdcmple
                0x08000a50                __aeabi_dcmpeq
                0x08000a64                __aeabi_dcmplt
                0x08000a78                __aeabi_dcmple
                0x08000a8c                __aeabi_dcmpge
                0x08000aa0                __aeabi_dcmpgt
 .text          0x08000ab4       0x50 E:/STM32CubeIDE_1.16.1/STM32CubeIDE/plugins/com.st.stm32cube.ide.mcu.externaltools.gnu-tools-for-stm32.12.3.rel1.win32_1.0.200.202406191623/tools/bin/../lib/gcc/arm-none-eabi/12.3.1/thumb/v7e-m+fp/hard\libgcc.a(_arm_fixdfsi.o)
                0x08000ab4                __aeabi_d2iz
                0x08000ab4                __fixdfsi
 .text          0x08000b04       0xa0 E:/STM32CubeIDE_1.16.1/STM32CubeIDE/plugins/com.st.stm32cube.ide.mcu.externaltools.gnu-tools-for-stm32.12.3.rel1.win32_1.0.200.202406191623/tools/bin/../lib/gcc/arm-none-eabi/12.3.1/thumb/v7e-m+fp/hard\libgcc.a(_arm_truncdfsf2.o)
                0x08000b04                __truncdfsf2
                0x08000b04                __aeabi_d2f
 .text          0x08000ba4       0x30 E:/STM32CubeIDE_1.16.1/STM32CubeIDE/plugins/com.st.stm32cube.ide.mcu.externaltools.gnu-tools-for-stm32.12.3.rel1.win32_1.0.200.202406191623/tools/bin/../lib/gcc/arm-none-eabi/12.3.1/thumb/v7e-m+fp/hard\libgcc.a(_aeabi_uldivmod.o)
                0x08000ba4                __aeabi_uldivmod
 .text          0x08000bd4      0x2bc E:/STM32CubeIDE_1.16.1/STM32CubeIDE/plugins/com.st.stm32cube.ide.mcu.externaltools.gnu-tools-for-stm32.12.3.rel1.win32_1.0.200.202406191623/tools/bin/../lib/gcc/arm-none-eabi/12.3.1/thumb/v7e-m+fp/hard\libgcc.a(_udivmoddi4.o)
                0x08000bd4                __udivmoddi4
 .text          0x08000e90        0x4 E:/STM32CubeIDE_1.16.1/STM32CubeIDE/plugins/com.st.stm32cube.ide.mcu.externaltools.gnu-tools-for-stm32.12.3.rel1.win32_1.0.200.202406191623/tools/bin/../lib/gcc/arm-none-eabi/12.3.1/thumb/v7e-m+fp/hard\libgcc.a(_dvmd_tls.o)
                0x08000e90                __aeabi_idiv0
                0x08000e90                __aeabi_ldiv0
 *(.text*)
 .text.check_s1_pressed
                0x08000e94       0x60 ./Core/Src/main.o
                0x08000e94                check_s1_pressed
 .text.check_specific_button_pressed
                0x08000ef4       0x78 ./Core/Src/main.o
                0x08000ef4                check_specific_button_pressed
 .text.map_button_to_row_col
                0x08000f6c       0x40 ./Core/Src/main.o
                0x08000f6c                map_button_to_row_col
 *fill*         0x08000fac        0x4 
 .text.lowpass_fir
                0x08000fb0      0x188 ./Core/Src/main.o
                0x08000fb0                lowpass_fir
 .text.init_filter
                0x08001138       0x78 ./Core/Src/main.o
                0x08001138                init_filter
 .text.HAL_I2S_RxCpltCallback
                0x080011b0      0x268 ./Core/Src/main.o
                0x080011b0                HAL_I2S_RxCpltCallback
 .text.main     0x08001418       0x40 ./Core/Src/main.o
                0x08001418                main
 .text.SystemClock_Config
                0x08001458       0xdc ./Core/Src/main.o
                0x08001458                SystemClock_Config
 .text.PeriphCommonClock_Config
                0x08001534       0x4c ./Core/Src/main.o
                0x08001534                PeriphCommonClock_Config
 .text.MX_I2S2_Init
                0x08001580       0x5c ./Core/Src/main.o
 .text.MX_I2S3_Init
                0x080015dc       0x5c ./Core/Src/main.o
 .text.MX_USART2_UART_Init
                0x08001638       0x54 ./Core/Src/main.o
 .text.MX_DMA_Init
                0x0800168c       0x50 ./Core/Src/main.o
 .text.MX_GPIO_Init
                0x080016dc      0x120 ./Core/Src/main.o
 .text.Error_Handler
                0x080017fc        0xc ./Core/Src/main.o
                0x080017fc                Error_Handler
 .text.HAL_MspInit
                0x08001808       0x50 ./Core/Src/stm32f4xx_hal_msp.o
                0x08001808                HAL_MspInit
 .text.HAL_I2S_MspInit
                0x08001858      0x284 ./Core/Src/stm32f4xx_hal_msp.o
                0x08001858                HAL_I2S_MspInit
 .text.HAL_UART_MspInit
                0x08001adc       0x90 ./Core/Src/stm32f4xx_hal_msp.o
                0x08001adc                HAL_UART_MspInit
 .text.NMI_Handler
                0x08001b6c        0x8 ./Core/Src/stm32f4xx_it.o
                0x08001b6c                NMI_Handler
 .text.HardFault_Handler
                0x08001b74        0x8 ./Core/Src/stm32f4xx_it.o
                0x08001b74                HardFault_Handler
 .text.MemManage_Handler
                0x08001b7c        0x8 ./Core/Src/stm32f4xx_it.o
                0x08001b7c                MemManage_Handler
 .text.BusFault_Handler
                0x08001b84        0x8 ./Core/Src/stm32f4xx_it.o
                0x08001b84                BusFault_Handler
 .text.UsageFault_Handler
                0x08001b8c        0x8 ./Core/Src/stm32f4xx_it.o
                0x08001b8c                UsageFault_Handler
 .text.SVC_Handler
                0x08001b94        0xe ./Core/Src/stm32f4xx_it.o
                0x08001b94                SVC_Handler
 .text.DebugMon_Handler
                0x08001ba2        0xe ./Core/Src/stm32f4xx_it.o
                0x08001ba2                DebugMon_Handler
 .text.PendSV_Handler
                0x08001bb0        0xe ./Core/Src/stm32f4xx_it.o
                0x08001bb0                PendSV_Handler
 .text.SysTick_Handler
                0x08001bbe        0xc ./Core/Src/stm32f4xx_it.o
                0x08001bbe                SysTick_Handler
 *fill*         0x08001bca        0x2 
 .text.DMA1_Stream0_IRQHandler
                0x08001bcc       0x14 ./Core/Src/stm32f4xx_it.o
                0x08001bcc                DMA1_Stream0_IRQHandler
 .text.DMA1_Stream4_IRQHandler
                0x08001be0       0x14 ./Core/Src/stm32f4xx_it.o
                0x08001be0                DMA1_Stream4_IRQHandler
 .text.SystemInit
                0x08001bf4       0x24 ./Core/Src/system_stm32f4xx.o
                0x08001bf4                SystemInit
 .text.Reset_Handler
                0x08001c18       0x50 ./Core/Startup/startup_stm32f446retx.o
                0x08001c18                Reset_Handler
 .text.Default_Handler
                0x08001c68        0x2 ./Core/Startup/startup_stm32f446retx.o
                0x08001c68                RTC_Alarm_IRQHandler
                0x08001c68                EXTI2_IRQHandler
                0x08001c68                TIM8_CC_IRQHandler
                0x08001c68                FMPI2C1_EV_IRQHandler
                0x08001c68                SPI4_IRQHandler
                0x08001c68                TIM1_CC_IRQHandler
                0x08001c68                DMA2_Stream5_IRQHandler
                0x08001c68                DMA1_Stream5_IRQHandler
                0x08001c68                PVD_IRQHandler
                0x08001c68                SDIO_IRQHandler
                0x08001c68                TAMP_STAMP_IRQHandler
                0x08001c68                CAN2_RX1_IRQHandler
                0x08001c68                EXTI3_IRQHandler
                0x08001c68                TIM8_TRG_COM_TIM14_IRQHandler
                0x08001c68                TIM1_UP_TIM10_IRQHandler
                0x08001c68                TIM8_UP_TIM13_IRQHandler
                0x08001c68                I2C3_ER_IRQHandler
                0x08001c68                EXTI0_IRQHandler
                0x08001c68                I2C2_EV_IRQHandler
                0x08001c68                DMA1_Stream2_IRQHandler
                0x08001c68                CAN1_RX0_IRQHandler
                0x08001c68                FPU_IRQHandler
                0x08001c68                OTG_HS_WKUP_IRQHandler
                0x08001c68                CAN2_SCE_IRQHandler
                0x08001c68                DMA2_Stream2_IRQHandler
                0x08001c68                SPI1_IRQHandler
                0x08001c68                TIM6_DAC_IRQHandler
                0x08001c68                TIM1_BRK_TIM9_IRQHandler
                0x08001c68                DCMI_IRQHandler
                0x08001c68                CAN2_RX0_IRQHandler
                0x08001c68                DMA2_Stream3_IRQHandler
                0x08001c68                SAI2_IRQHandler
                0x08001c68                USART6_IRQHandler
                0x08001c68                USART3_IRQHandler
                0x08001c68                CAN1_RX1_IRQHandler
                0x08001c68                UART5_IRQHandler
                0x08001c68                DMA2_Stream0_IRQHandler
                0x08001c68                TIM4_IRQHandler
                0x08001c68                QUADSPI_IRQHandler
                0x08001c68                I2C1_EV_IRQHandler
                0x08001c68                DMA1_Stream6_IRQHandler
                0x08001c68                DMA1_Stream1_IRQHandler
                0x08001c68                UART4_IRQHandler
                0x08001c68                TIM3_IRQHandler
                0x08001c68                RCC_IRQHandler
                0x08001c68                TIM8_BRK_TIM12_IRQHandler
                0x08001c68                Default_Handler
                0x08001c68                CEC_IRQHandler
                0x08001c68                EXTI15_10_IRQHandler
                0x08001c68                ADC_IRQHandler
                0x08001c68                DMA1_Stream7_IRQHandler
                0x08001c68                TIM7_IRQHandler
                0x08001c68                CAN2_TX_IRQHandler
                0x08001c68                TIM5_IRQHandler
                0x08001c68                DMA2_Stream7_IRQHandler
                0x08001c68                I2C3_EV_IRQHandler
                0x08001c68                EXTI9_5_IRQHandler
                0x08001c68                RTC_WKUP_IRQHandler
                0x08001c68                SPDIF_RX_IRQHandler
                0x08001c68                SPI2_IRQHandler
                0x08001c68                OTG_HS_EP1_IN_IRQHandler
                0x08001c68                CAN1_TX_IRQHandler
                0x08001c68                FMPI2C1_ER_IRQHandler
                0x08001c68                EXTI4_IRQHandler
                0x08001c68                OTG_HS_EP1_OUT_IRQHandler
                0x08001c68                WWDG_IRQHandler
                0x08001c68                TIM2_IRQHandler
                0x08001c68                OTG_FS_WKUP_IRQHandler
                0x08001c68                TIM1_TRG_COM_TIM11_IRQHandler
                0x08001c68                OTG_HS_IRQHandler
                0x08001c68                EXTI1_IRQHandler
                0x08001c68                USART2_IRQHandler
                0x08001c68                I2C2_ER_IRQHandler
                0x08001c68                DMA2_Stream1_IRQHandler
                0x08001c68                CAN1_SCE_IRQHandler
                0x08001c68                FLASH_IRQHandler
                0x08001c68                DMA2_Stream4_IRQHandler
                0x08001c68                USART1_IRQHandler
                0x08001c68                OTG_FS_IRQHandler
                0x08001c68                SPI3_IRQHandler
                0x08001c68                I2C1_ER_IRQHandler
                0x08001c68                FMC_IRQHandler
                0x08001c68                DMA2_Stream6_IRQHandler
                0x08001c68                SAI1_IRQHandler
                0x08001c68                DMA1_Stream3_IRQHandler
 *fill*         0x08001c6a        0x2 
 .text.HAL_Init
                0x08001c6c       0x44 ./Drivers/STM32F4xx_HAL_Driver/Src/stm32f4xx_hal.o
                0x08001c6c                HAL_Init
 .text.HAL_InitTick
                0x08001cb0       0x60 ./Drivers/STM32F4xx_HAL_Driver/Src/stm32f4xx_hal.o
                0x08001cb0                HAL_InitTick
 .text.HAL_IncTick
                0x08001d10       0x28 ./Drivers/STM32F4xx_HAL_Driver/Src/stm32f4xx_hal.o
                0x08001d10                HAL_IncTick
 .text.HAL_GetTick
                0x08001d38       0x18 ./Drivers/STM32F4xx_HAL_Driver/Src/stm32f4xx_hal.o
                0x08001d38                HAL_GetTick
 .text.__NVIC_SetPriorityGrouping
                0x08001d50       0x48 ./Drivers/STM32F4xx_HAL_Driver/Src/stm32f4xx_hal_cortex.o
 .text.__NVIC_GetPriorityGrouping
                0x08001d98       0x1c ./Drivers/STM32F4xx_HAL_Driver/Src/stm32f4xx_hal_cortex.o
 .text.__NVIC_EnableIRQ
                0x08001db4       0x3c ./Drivers/STM32F4xx_HAL_Driver/Src/stm32f4xx_hal_cortex.o
 .text.__NVIC_SetPriority
                0x08001df0       0x54 ./Drivers/STM32F4xx_HAL_Driver/Src/stm32f4xx_hal_cortex.o
 .text.NVIC_EncodePriority
                0x08001e44       0x66 ./Drivers/STM32F4xx_HAL_Driver/Src/stm32f4xx_hal_cortex.o
 *fill*         0x08001eaa        0x2 
 .text.SysTick_Config
                0x08001eac       0x44 ./Drivers/STM32F4xx_HAL_Driver/Src/stm32f4xx_hal_cortex.o
 .text.HAL_NVIC_SetPriorityGrouping
                0x08001ef0       0x16 ./Drivers/STM32F4xx_HAL_Driver/Src/stm32f4xx_hal_cortex.o
                0x08001ef0                HAL_NVIC_SetPriorityGrouping
 .text.HAL_NVIC_SetPriority
                0x08001f06       0x38 ./Drivers/STM32F4xx_HAL_Driver/Src/stm32f4xx_hal_cortex.o
                0x08001f06                HAL_NVIC_SetPriority
 .text.HAL_NVIC_EnableIRQ
                0x08001f3e       0x1c ./Drivers/STM32F4xx_HAL_Driver/Src/stm32f4xx_hal_cortex.o
                0x08001f3e                HAL_NVIC_EnableIRQ
 .text.HAL_SYSTICK_Config
                0x08001f5a       0x18 ./Drivers/STM32F4xx_HAL_Driver/Src/stm32f4xx_hal_cortex.o
                0x08001f5a                HAL_SYSTICK_Config
 *fill*         0x08001f72        0x2 
 .text.HAL_DMA_Init
                0x08001f74      0x15c ./Drivers/STM32F4xx_HAL_Driver/Src/stm32f4xx_hal_dma.o
                0x08001f74                HAL_DMA_Init
 .text.HAL_DMA_Start_IT
                0x080020d0       0xb0 ./Drivers/STM32F4xx_HAL_Driver/Src/stm32f4xx_hal_dma.o
                0x080020d0                HAL_DMA_Start_IT
 .text.HAL_DMA_IRQHandler
                0x08002180      0x314 ./Drivers/STM32F4xx_HAL_Driver/Src/stm32f4xx_hal_dma.o
                0x08002180                HAL_DMA_IRQHandler
 .text.DMA_SetConfig
                0x08002494       0x5c ./Drivers/STM32F4xx_HAL_Driver/Src/stm32f4xx_hal_dma.o
 .text.DMA_CalcBaseAndBitshift
                0x080024f0       0x6c ./Drivers/STM32F4xx_HAL_Driver/Src/stm32f4xx_hal_dma.o
 .text.DMA_CheckFifoParam
                0x0800255c       0xf8 ./Drivers/STM32F4xx_HAL_Driver/Src/stm32f4xx_hal_dma.o
 .text.HAL_GPIO_Init
                0x08002654      0x328 ./Drivers/STM32F4xx_HAL_Driver/Src/stm32f4xx_hal_gpio.o
                0x08002654                HAL_GPIO_Init
 .text.HAL_GPIO_ReadPin
                0x0800297c       0x30 ./Drivers/STM32F4xx_HAL_Driver/Src/stm32f4xx_hal_gpio.o
                0x0800297c                HAL_GPIO_ReadPin
 .text.HAL_GPIO_WritePin
                0x080029ac       0x32 ./Drivers/STM32F4xx_HAL_Driver/Src/stm32f4xx_hal_gpio.o
                0x080029ac                HAL_GPIO_WritePin
 *fill*         0x080029de        0x2 
 .text.HAL_I2S_Init
                0x080029e0      0x1f0 ./Drivers/STM32F4xx_HAL_Driver/Src/stm32f4xx_hal_i2s.o
                0x080029e0                HAL_I2S_Init
 .text.HAL_I2S_Receive_DMA
                0x08002bd0      0x170 ./Drivers/STM32F4xx_HAL_Driver/Src/stm32f4xx_hal_i2s.o
                0x08002bd0                HAL_I2S_Receive_DMA
 .text.HAL_I2S_TxCpltCallback
                0x08002d40       0x14 ./Drivers/STM32F4xx_HAL_Driver/Src/stm32f4xx_hal_i2s.o
                0x08002d40                HAL_I2S_TxCpltCallback
 .text.HAL_I2S_RxHalfCpltCallback
                0x08002d54       0x14 ./Drivers/STM32F4xx_HAL_Driver/Src/stm32f4xx_hal_i2s.o
                0x08002d54                HAL_I2S_RxHalfCpltCallback
 .text.HAL_I2S_ErrorCallback
                0x08002d68       0x14 ./Drivers/STM32F4xx_HAL_Driver/Src/stm32f4xx_hal_i2s.o
                0x08002d68                HAL_I2S_ErrorCallback
 .text.I2S_DMARxCplt
                0x08002d7c       0x42 ./Drivers/STM32F4xx_HAL_Driver/Src/stm32f4xx_hal_i2s.o
 .text.I2S_DMARxHalfCplt
                0x08002dbe       0x1c ./Drivers/STM32F4xx_HAL_Driver/Src/stm32f4xx_hal_i2s.o
 .text.I2S_DMAError
                0x08002dda       0x4c ./Drivers/STM32F4xx_HAL_Driver/Src/stm32f4xx_hal_i2s.o
 .text.I2S_Transmit_IT
                0x08002e26       0x5c ./Drivers/STM32F4xx_HAL_Driver/Src/stm32f4xx_hal_i2s.o
 .text.I2S_Receive_IT
                0x08002e82       0x5e ./Drivers/STM32F4xx_HAL_Driver/Src/stm32f4xx_hal_i2s.o
 .text.I2S_IRQHandler
                0x08002ee0      0x114 ./Drivers/STM32F4xx_HAL_Driver/Src/stm32f4xx_hal_i2s.o
 .text.HAL_RCC_ClockConfig
                0x08002ff4      0x1cc ./Drivers/STM32F4xx_HAL_Driver/Src/stm32f4xx_hal_rcc.o
                0x08002ff4                HAL_RCC_ClockConfig
 .text.HAL_RCC_GetHCLKFreq
                0x080031c0       0x18 ./Drivers/STM32F4xx_HAL_Driver/Src/stm32f4xx_hal_rcc.o
                0x080031c0                HAL_RCC_GetHCLKFreq
 .text.HAL_RCC_GetPCLK1Freq
                0x080031d8       0x28 ./Drivers/STM32F4xx_HAL_Driver/Src/stm32f4xx_hal_rcc.o
                0x080031d8                HAL_RCC_GetPCLK1Freq
 .text.HAL_RCC_GetPCLK2Freq
                0x08003200       0x28 ./Drivers/STM32F4xx_HAL_Driver/Src/stm32f4xx_hal_rcc.o
                0x08003200                HAL_RCC_GetPCLK2Freq
 .text.HAL_RCCEx_PeriphCLKConfig
                0x08003228      0x654 ./Drivers/STM32F4xx_HAL_Driver/Src/stm32f4xx_hal_rcc_ex.o
                0x08003228                HAL_RCCEx_PeriphCLKConfig
 .text.HAL_RCCEx_GetPeriphCLKFreq
                0x0800387c      0x494 ./Drivers/STM32F4xx_HAL_Driver/Src/stm32f4xx_hal_rcc_ex.o
                0x0800387c                HAL_RCCEx_GetPeriphCLKFreq
 .text.HAL_RCC_GetSysClockFreq
                0x08003d10      0x460 ./Drivers/STM32F4xx_HAL_Driver/Src/stm32f4xx_hal_rcc_ex.o
                0x08003d10                HAL_RCC_GetSysClockFreq
 .text.HAL_RCC_OscConfig
                0x08004170      0x53c ./Drivers/STM32F4xx_HAL_Driver/Src/stm32f4xx_hal_rcc_ex.o
                0x08004170                HAL_RCC_OscConfig
 .text.HAL_UART_Init
                0x080046ac       0xa0 ./Drivers/STM32F4xx_HAL_Driver/Src/stm32f4xx_hal_uart.o
                0x080046ac                HAL_UART_Init
 .text.HAL_UART_Transmit
                0x0800474c      0x116 ./Drivers/STM32F4xx_HAL_Driver/Src/stm32f4xx_hal_uart.o
                0x0800474c                HAL_UART_Transmit
 .text.UART_WaitOnFlagUntilTimeout
                0x08004862       0xb2 ./Drivers/STM32F4xx_HAL_Driver/Src/stm32f4xx_hal_uart.o
 .text.UART_EndRxTransfer
                0x08004914       0xc6 ./Drivers/STM32F4xx_HAL_Driver/Src/stm32f4xx_hal_uart.o
 *fill*         0x080049da        0x2 
 .text.UART_SetConfig
                0x080049dc      0x4e8 ./Drivers/STM32F4xx_HAL_Driver/Src/stm32f4xx_hal_uart.o
 .text.arm_fir_init_f32
                0x08004ec4       0x1c ../Middlewares/ST/ARM/DSP/Lib\libarm_cortexM4lf_math.a(arm_fir_init_f32.o)
                0x08004ec4                arm_fir_init_f32
 .text.arm_fir_f32
                0x08004ee0      0x510 ../Middlewares/ST/ARM/DSP/Lib\libarm_cortexM4lf_math.a(arm_fir_f32.o)
                0x08004ee0                arm_fir_f32
 .text.memset   0x080053f0       0x10 E:/STM32CubeIDE_1.16.1/STM32CubeIDE/plugins/com.st.stm32cube.ide.mcu.externaltools.gnu-tools-for-stm32.12.3.rel1.win32_1.0.200.202406191623/tools/bin/../lib/gcc/arm-none-eabi/12.3.1/../../../../arm-none-eabi/lib/thumb/v7e-m+fp/hard\libc_nano.a(libc_a-memset.o)
                0x080053f0                memset
 .text.__libc_init_array
                0x08005400       0x48 E:/STM32CubeIDE_1.16.1/STM32CubeIDE/plugins/com.st.stm32cube.ide.mcu.externaltools.gnu-tools-for-stm32.12.3.rel1.win32_1.0.200.202406191623/tools/bin/../lib/gcc/arm-none-eabi/12.3.1/../../../../arm-none-eabi/lib/thumb/v7e-m+fp/hard\libc_nano.a(libc_a-init.o)
                0x08005400                __libc_init_array
 .text.cos      0x08005448       0xa8 E:/STM32CubeIDE_1.16.1/STM32CubeIDE/plugins/com.st.stm32cube.ide.mcu.externaltools.gnu-tools-for-stm32.12.3.rel1.win32_1.0.200.202406191623/tools/bin/../lib/gcc/arm-none-eabi/12.3.1/../../../../arm-none-eabi/lib/thumb/v7e-m+fp/hard\libm.a(libm_a-s_cos.o)
                0x08005448                cos
 .text.sin      0x080054f0       0xa8 E:/STM32CubeIDE_1.16.1/STM32CubeIDE/plugins/com.st.stm32cube.ide.mcu.externaltools.gnu-tools-for-stm32.12.3.rel1.win32_1.0.200.202406191623/tools/bin/../lib/gcc/arm-none-eabi/12.3.1/../../../../arm-none-eabi/lib/thumb/v7e-m+fp/hard\libm.a(libm_a-s_sin.o)
                0x080054f0                sin
 .text.__kernel_cos
                0x08005598      0x18c E:/STM32CubeIDE_1.16.1/STM32CubeIDE/plugins/com.st.stm32cube.ide.mcu.externaltools.gnu-tools-for-stm32.12.3.rel1.win32_1.0.200.202406191623/tools/bin/../lib/gcc/arm-none-eabi/12.3.1/../../../../arm-none-eabi/lib/thumb/v7e-m+fp/hard\libm.a(libm_a-k_cos.o)
                0x08005598                __kernel_cos
 *fill*         0x08005724        0x4 
 .text.__kernel_sin
                0x08005728      0x174 E:/STM32CubeIDE_1.16.1/STM32CubeIDE/plugins/com.st.stm32cube.ide.mcu.externaltools.gnu-tools-for-stm32.12.3.rel1.win32_1.0.200.202406191623/tools/bin/../lib/gcc/arm-none-eabi/12.3.1/../../../../arm-none-eabi/lib/thumb/v7e-m+fp/hard\libm.a(libm_a-k_sin.o)
                0x08005728                __kernel_sin
 *fill*         0x0800589c        0x4 
 .text.__ieee754_rem_pio2
                0x080058a0      0x3f8 E:/STM32CubeIDE_1.16.1/STM32CubeIDE/plugins/com.st.stm32cube.ide.mcu.externaltools.gnu-tools-for-stm32.12.3.rel1.win32_1.0.200.202406191623/tools/bin/../lib/gcc/arm-none-eabi/12.3.1/../../../../arm-none-eabi/lib/thumb/v7e-m+fp/hard\libm.a(libm_a-e_rem_pio2.o)
                0x080058a0                __ieee754_rem_pio2
 .text.fabs     0x08005c98       0x10 E:/STM32CubeIDE_1.16.1/STM32CubeIDE/plugins/com.st.stm32cube.ide.mcu.externaltools.gnu-tools-for-stm32.12.3.rel1.win32_1.0.200.202406191623/tools/bin/../lib/gcc/arm-none-eabi/12.3.1/../../../../arm-none-eabi/lib/thumb/v7e-m+fp/hard\libm.a(libm_a-s_fabs.o)
                0x08005c98                fabs
 .text.__kernel_rem_pio2
                0x08005ca8      0x6b0 E:/STM32CubeIDE_1.16.1/STM32CubeIDE/plugins/com.st.stm32cube.ide.mcu.externaltools.gnu-tools-for-stm32.12.3.rel1.win32_1.0.200.202406191623/tools/bin/../lib/gcc/arm-none-eabi/12.3.1/../../../../arm-none-eabi/lib/thumb/v7e-m+fp/hard\libm.a(libm_a-k_rem_pio2.o)
                0x08005ca8                __kernel_rem_pio2
 .text.scalbn   0x08006358       0xfc E:/STM32CubeIDE_1.16.1/STM32CubeIDE/plugins/com.st.stm32cube.ide.mcu.externaltools.gnu-tools-for-stm32.12.3.rel1.win32_1.0.200.202406191623/tools/bin/../lib/gcc/arm-none-eabi/12.3.1/../../../../arm-none-eabi/lib/thumb/v7e-m+fp/hard\libm.a(libm_a-s_scalbn.o)
                0x08006358                scalbn
 *fill*         0x08006454        0x4 
 .text.floor    0x08006458       0xf8 E:/STM32CubeIDE_1.16.1/STM32CubeIDE/plugins/com.st.stm32cube.ide.mcu.externaltools.gnu-tools-for-stm32.12.3.rel1.win32_1.0.200.202406191623/tools/bin/../lib/gcc/arm-none-eabi/12.3.1/../../../../arm-none-eabi/lib/thumb/v7e-m+fp/hard\libm.a(libm_a-s_floor.o)
                0x08006458                floor
 *(.glue_7)
 .glue_7        0x08006550        0x0 linker stubs
 *(.glue_7t)
 .glue_7t       0x08006550        0x0 linker stubs
 *(.eh_frame)
 .eh_frame      0x08006550        0x0 E:/STM32CubeIDE_1.16.1/STM32CubeIDE/plugins/com.st.stm32cube.ide.mcu.externaltools.gnu-tools-for-stm32.12.3.rel1.win32_1.0.200.202406191623/tools/bin/../lib/gcc/arm-none-eabi/12.3.1/thumb/v7e-m+fp/hard/crtbegin.o
 *(.init)
 .init          0x08006550        0x4 E:/STM32CubeIDE_1.16.1/STM32CubeIDE/plugins/com.st.stm32cube.ide.mcu.externaltools.gnu-tools-for-stm32.12.3.rel1.win32_1.0.200.202406191623/tools/bin/../lib/gcc/arm-none-eabi/12.3.1/thumb/v7e-m+fp/hard/crti.o
                0x08006550                _init
 .init          0x08006554        0x8 E:/STM32CubeIDE_1.16.1/STM32CubeIDE/plugins/com.st.stm32cube.ide.mcu.externaltools.gnu-tools-for-stm32.12.3.rel1.win32_1.0.200.202406191623/tools/bin/../lib/gcc/arm-none-eabi/12.3.1/thumb/v7e-m+fp/hard/crtn.o
 *(.fini)
 .fini          0x0800655c        0x4 E:/STM32CubeIDE_1.16.1/STM32CubeIDE/plugins/com.st.stm32cube.ide.mcu.externaltools.gnu-tools-for-stm32.12.3.rel1.win32_1.0.200.202406191623/tools/bin/../lib/gcc/arm-none-eabi/12.3.1/thumb/v7e-m+fp/hard/crti.o
                0x0800655c                _fini
 .fini          0x08006560        0x8 E:/STM32CubeIDE_1.16.1/STM32CubeIDE/plugins/com.st.stm32cube.ide.mcu.externaltools.gnu-tools-for-stm32.12.3.rel1.win32_1.0.200.202406191623/tools/bin/../lib/gcc/arm-none-eabi/12.3.1/thumb/v7e-m+fp/hard/crtn.o
                0x08006568                        . = ALIGN (0x4)
                0x08006568                        _etext = .

.vfp11_veneer   0x08006568        0x0
 .vfp11_veneer  0x08006568        0x0 linker stubs

.v4_bx          0x08006568        0x0
 .v4_bx         0x08006568        0x0 linker stubs

.iplt           0x08006568        0x0
 .iplt          0x08006568        0x0 E:/STM32CubeIDE_1.16.1/STM32CubeIDE/plugins/com.st.stm32cube.ide.mcu.externaltools.gnu-tools-for-stm32.12.3.rel1.win32_1.0.200.202406191623/tools/bin/../lib/gcc/arm-none-eabi/12.3.1/thumb/v7e-m+fp/hard/crtbegin.o

.rodata         0x08006568      0x1f8
                0x08006568                        . = ALIGN (0x4)
 *(.rodata)
 *(.rodata*)
 .rodata.AHBPrescTable
                0x08006568       0x10 ./Core/Src/system_stm32f4xx.o
                0x08006568                AHBPrescTable
 .rodata.APBPrescTable
                0x08006578        0x8 ./Core/Src/system_stm32f4xx.o
                0x08006578                APBPrescTable
 .rodata.flagBitshiftOffset.0
                0x08006580        0x8 ./Drivers/STM32F4xx_HAL_Driver/Src/stm32f4xx_hal_dma.o
 .rodata.npio2_hw
                0x08006588       0x80 E:/STM32CubeIDE_1.16.1/STM32CubeIDE/plugins/com.st.stm32cube.ide.mcu.externaltools.gnu-tools-for-stm32.12.3.rel1.win32_1.0.200.202406191623/tools/bin/../lib/gcc/arm-none-eabi/12.3.1/../../../../arm-none-eabi/lib/thumb/v7e-m+fp/hard\libm.a(libm_a-e_rem_pio2.o)
 .rodata.two_over_pi
                0x08006608      0x108 E:/STM32CubeIDE_1.16.1/STM32CubeIDE/plugins/com.st.stm32cube.ide.mcu.externaltools.gnu-tools-for-stm32.12.3.rel1.win32_1.0.200.202406191623/tools/bin/../lib/gcc/arm-none-eabi/12.3.1/../../../../arm-none-eabi/lib/thumb/v7e-m+fp/hard\libm.a(libm_a-e_rem_pio2.o)
 .rodata.PIo2   0x08006710       0x40 E:/STM32CubeIDE_1.16.1/STM32CubeIDE/plugins/com.st.stm32cube.ide.mcu.externaltools.gnu-tools-for-stm32.12.3.rel1.win32_1.0.200.202406191623/tools/bin/../lib/gcc/arm-none-eabi/12.3.1/../../../../arm-none-eabi/lib/thumb/v7e-m+fp/hard\libm.a(libm_a-k_rem_pio2.o)
 .rodata.init_jk
                0x08006750       0x10 E:/STM32CubeIDE_1.16.1/STM32CubeIDE/plugins/com.st.stm32cube.ide.mcu.externaltools.gnu-tools-for-stm32.12.3.rel1.win32_1.0.200.202406191623/tools/bin/../lib/gcc/arm-none-eabi/12.3.1/../../../../arm-none-eabi/lib/thumb/v7e-m+fp/hard\libm.a(libm_a-k_rem_pio2.o)
                0x08006760                        . = ALIGN (0x4)

.ARM.extab      0x08006760        0x0
                0x08006760                        . = ALIGN (0x4)
 *(.ARM.extab* .gnu.linkonce.armextab.*)
                0x08006760                        . = ALIGN (0x4)

.ARM            0x08006760        0x8
                0x08006760                        . = ALIGN (0x4)
                0x08006760                        __exidx_start = .
 *(.ARM.exidx*)
 .ARM.exidx     0x08006760        0x8 E:/STM32CubeIDE_1.16.1/STM32CubeIDE/plugins/com.st.stm32cube.ide.mcu.externaltools.gnu-tools-for-stm32.12.3.rel1.win32_1.0.200.202406191623/tools/bin/../lib/gcc/arm-none-eabi/12.3.1/thumb/v7e-m+fp/hard\libgcc.a(_udivmoddi4.o)
                0x08006768                        __exidx_end = .
                0x08006768                        . = ALIGN (0x4)

.preinit_array  0x08006768        0x0
                0x08006768                        . = ALIGN (0x4)
                0x08006768                        PROVIDE (__preinit_array_start = .)
 *(.preinit_array*)
                0x08006768                        PROVIDE (__preinit_array_end = .)
                0x08006768                        . = ALIGN (0x4)

.init_array     0x08006768        0x4
                0x08006768                        . = ALIGN (0x4)
                0x08006768                        PROVIDE (__init_array_start = .)
 *(SORT_BY_NAME(.init_array.*))
 *(.init_array*)
 .init_array    0x08006768        0x4 E:/STM32CubeIDE_1.16.1/STM32CubeIDE/plugins/com.st.stm32cube.ide.mcu.externaltools.gnu-tools-for-stm32.12.3.rel1.win32_1.0.200.202406191623/tools/bin/../lib/gcc/arm-none-eabi/12.3.1/thumb/v7e-m+fp/hard/crtbegin.o
                0x0800676c                        PROVIDE (__init_array_end = .)
                0x0800676c                        . = ALIGN (0x4)

.fini_array     0x0800676c        0x4
                0x0800676c                        . = ALIGN (0x4)
                [!provide]                        PROVIDE (__fini_array_start = .)
 *(SORT_BY_NAME(.fini_array.*))
 *(.fini_array*)
 .fini_array    0x0800676c        0x4 E:/STM32CubeIDE_1.16.1/STM32CubeIDE/plugins/com.st.stm32cube.ide.mcu.externaltools.gnu-tools-for-stm32.12.3.rel1.win32_1.0.200.202406191623/tools/bin/../lib/gcc/arm-none-eabi/12.3.1/thumb/v7e-m+fp/hard/crtbegin.o
                [!provide]                        PROVIDE (__fini_array_end = .)
                0x08006770                        . = ALIGN (0x4)
                0x08006770                        _sidata = LOADADDR (.data)

.rel.dyn        0x08006770        0x0
 .rel.iplt      0x08006770        0x0 E:/STM32CubeIDE_1.16.1/STM32CubeIDE/plugins/com.st.stm32cube.ide.mcu.externaltools.gnu-tools-for-stm32.12.3.rel1.win32_1.0.200.202406191623/tools/bin/../lib/gcc/arm-none-eabi/12.3.1/thumb/v7e-m+fp/hard/crtbegin.o

.data           0x20000000       0x18 load address 0x08006770
                0x20000000                        . = ALIGN (0x4)
                0x20000000                        _sdata = .
 *(.data)
 *(.data*)
 .data.high_cutoff
                0x20000000        0x4 ./Core/Src/main.o
                0x20000000                high_cutoff
 .data.VOLUME   0x20000004        0x4 ./Core/Src/main.o
                0x20000004                VOLUME
 .data.phase_change
                0x20000008        0x4 ./Core/Src/main.o
                0x20000008                phase_change
 .data.SystemCoreClock
                0x2000000c        0x4 ./Core/Src/system_stm32f4xx.o
                0x2000000c                SystemCoreClock
 .data.uwTickPrio
                0x20000010        0x4 ./Drivers/STM32F4xx_HAL_Driver/Src/stm32f4xx_hal.o
                0x20000010                uwTickPrio
 .data.uwTickFreq
                0x20000014        0x1 ./Drivers/STM32F4xx_HAL_Driver/Src/stm32f4xx_hal.o
                0x20000014                uwTickFreq
 *(.RamFunc)
 *(.RamFunc*)
                0x20000018                        . = ALIGN (0x4)
 *fill*         0x20000015        0x3 
                0x20000018                        _edata = .

.igot.plt       0x20000018        0x0 load address 0x08006788
 .igot.plt      0x20000018        0x0 E:/STM32CubeIDE_1.16.1/STM32CubeIDE/plugins/com.st.stm32cube.ide.mcu.externaltools.gnu-tools-for-stm32.12.3.rel1.win32_1.0.200.202406191623/tools/bin/../lib/gcc/arm-none-eabi/12.3.1/thumb/v7e-m+fp/hard/crtbegin.o
                0x20000018                        . = ALIGN (0x4)

.bss            0x20000018      0x268 load address 0x08006788
                0x20000018                        _sbss = .
                0x20000018                        __bss_start__ = _sbss
 *(.bss)
 .bss           0x20000018       0x1c E:/STM32CubeIDE_1.16.1/STM32CubeIDE/plugins/com.st.stm32cube.ide.mcu.externaltools.gnu-tools-for-stm32.12.3.rel1.win32_1.0.200.202406191623/tools/bin/../lib/gcc/arm-none-eabi/12.3.1/thumb/v7e-m+fp/hard/crtbegin.o
 *(.bss*)
 .bss.low_cutoff
                0x20000034        0x4 ./Core/Src/main.o
                0x20000034                low_cutoff
 .bss.LOW_CUTOFF
                0x20000038        0x4 ./Core/Src/main.o
                0x20000038                LOW_CUTOFF
 .bss.HIGH_CUTOFF
                0x2000003c        0x4 ./Core/Src/main.o
                0x2000003c                HIGH_CUTOFF
 .bss.hi2s2     0x20000040       0x48 ./Core/Src/main.o
                0x20000040                hi2s2
 .bss.hi2s3     0x20000088       0x48 ./Core/Src/main.o
                0x20000088                hi2s3
 .bss.hdma_spi2_tx
                0x200000d0       0x60 ./Core/Src/main.o
                0x200000d0                hdma_spi2_tx
 .bss.hdma_spi3_rx
                0x20000130       0x60 ./Core/Src/main.o
                0x20000130                hdma_spi3_rx
 .bss.huart2    0x20000190       0x48 ./Core/Src/main.o
                0x20000190                huart2
 .bss.toReceive
                0x200001d8        0x2 ./Core/Src/main.o
                0x200001d8                toReceive
 .bss.toWrite   0x200001da        0x2 ./Core/Src/main.o
                0x200001da                toWrite
 .bss.S         0x200001dc        0xc ./Core/Src/main.o
                0x200001dc                S
 .bss.firCoeffs
                0x200001e8       0x40 ./Core/Src/main.o
                0x200001e8                firCoeffs
 .bss.firState  0x20000228       0x40 ./Core/Src/main.o
                0x20000228                firState
 .bss.filter_input
                0x20000268        0x4 ./Core/Src/main.o
                0x20000268                filter_input
 .bss.filter_output
                0x2000026c        0x4 ./Core/Src/main.o
                0x2000026c                filter_output
 .bss.active_mode_select
                0x20000270        0x1 ./Core/Src/main.o
                0x20000270                active_mode_select
 .bss.setting_mode_select
                0x20000271        0x1 ./Core/Src/main.o
                0x20000271                setting_mode_select
 .bss.mode_button_pressed
                0x20000272        0x1 ./Core/Src/main.o
                0x20000272                mode_button_pressed
 .bss.setting_button_pressed
                0x20000273        0x1 ./Core/Src/main.o
                0x20000273                setting_button_pressed
 .bss.last_press_time.1
                0x20000274        0x4 ./Core/Src/main.o
 .bss.last_adjust_time.0
                0x20000278        0x4 ./Core/Src/main.o
 .bss.uwTick    0x2000027c        0x4 ./Drivers/STM32F4xx_HAL_Driver/Src/stm32f4xx_hal.o
                0x2000027c                uwTick
 *(COMMON)
                0x20000280                        . = ALIGN (0x4)
                0x20000280                        _ebss = .
                0x20000280                        __bss_end__ = _ebss

._user_heap_stack
                0x20000280      0x600 load address 0x08006788
                0x20000280                        . = ALIGN (0x8)
                [!provide]                        PROVIDE (end = .)
                0x20000280                        PROVIDE (_end = .)
                0x20000480                        . = (. + _Min_Heap_Size)
 *fill*         0x20000280      0x200 
                0x20000880                        . = (. + _Min_Stack_Size)
 *fill*         0x20000480      0x400 
                0x20000880                        . = ALIGN (0x8)

/DISCARD/
 libc.a(*)
 libm.a(*)
 libgcc.a(*)

.ARM.attributes
                0x00000000       0x30
 *(.ARM.attributes)
 .ARM.attributes
                0x00000000       0x22 E:/STM32CubeIDE_1.16.1/STM32CubeIDE/plugins/com.st.stm32cube.ide.mcu.externaltools.gnu-tools-for-stm32.12.3.rel1.win32_1.0.200.202406191623/tools/bin/../lib/gcc/arm-none-eabi/12.3.1/thumb/v7e-m+fp/hard/crti.o
 .ARM.attributes
                0x00000022       0x34 E:/STM32CubeIDE_1.16.1/STM32CubeIDE/plugins/com.st.stm32cube.ide.mcu.externaltools.gnu-tools-for-stm32.12.3.rel1.win32_1.0.200.202406191623/tools/bin/../lib/gcc/arm-none-eabi/12.3.1/thumb/v7e-m+fp/hard/crtbegin.o
 .ARM.attributes
                0x00000056       0x34 ./Core/Src/main.o
 .ARM.attributes
                0x0000008a       0x34 ./Core/Src/stm32f4xx_hal_msp.o
 .ARM.attributes
                0x000000be       0x34 ./Core/Src/stm32f4xx_it.o
 .ARM.attributes
                0x000000f2       0x34 ./Core/Src/system_stm32f4xx.o
 .ARM.attributes
                0x00000126       0x21 ./Core/Startup/startup_stm32f446retx.o
 .ARM.attributes
                0x00000147       0x34 ./Drivers/STM32F4xx_HAL_Driver/Src/stm32f4xx_hal.o
 .ARM.attributes
                0x0000017b       0x34 ./Drivers/STM32F4xx_HAL_Driver/Src/stm32f4xx_hal_cortex.o
 .ARM.attributes
                0x000001af       0x34 ./Drivers/STM32F4xx_HAL_Driver/Src/stm32f4xx_hal_dma.o
 .ARM.attributes
                0x000001e3       0x34 ./Drivers/STM32F4xx_HAL_Driver/Src/stm32f4xx_hal_gpio.o
 .ARM.attributes
                0x00000217       0x34 ./Drivers/STM32F4xx_HAL_Driver/Src/stm32f4xx_hal_i2s.o
 .ARM.attributes
                0x0000024b       0x34 ./Drivers/STM32F4xx_HAL_Driver/Src/stm32f4xx_hal_rcc.o
 .ARM.attributes
                0x0000027f       0x34 ./Drivers/STM32F4xx_HAL_Driver/Src/stm32f4xx_hal_rcc_ex.o
 .ARM.attributes
                0x000002b3       0x34 ./Drivers/STM32F4xx_HAL_Driver/Src/stm32f4xx_hal_uart.o
 .ARM.attributes
                0x000002e7       0x34 ../Middlewares/ST/ARM/DSP/Lib\libarm_cortexM4lf_math.a(arm_fir_init_f32.o)
 .ARM.attributes
                0x0000031b       0x34 ../Middlewares/ST/ARM/DSP/Lib\libarm_cortexM4lf_math.a(arm_fir_f32.o)
 .ARM.attributes
                0x0000034f       0x34 E:/STM32CubeIDE_1.16.1/STM32CubeIDE/plugins/com.st.stm32cube.ide.mcu.externaltools.gnu-tools-for-stm32.12.3.rel1.win32_1.0.200.202406191623/tools/bin/../lib/gcc/arm-none-eabi/12.3.1/../../../../arm-none-eabi/lib/thumb/v7e-m+fp/hard\libc_nano.a(libc_a-memset.o)
 .ARM.attributes
                0x00000383       0x34 E:/STM32CubeIDE_1.16.1/STM32CubeIDE/plugins/com.st.stm32cube.ide.mcu.externaltools.gnu-tools-for-stm32.12.3.rel1.win32_1.0.200.202406191623/tools/bin/../lib/gcc/arm-none-eabi/12.3.1/../../../../arm-none-eabi/lib/thumb/v7e-m+fp/hard\libc_nano.a(libc_a-init.o)
 .ARM.attributes
                0x000003b7       0x34 E:/STM32CubeIDE_1.16.1/STM32CubeIDE/plugins/com.st.stm32cube.ide.mcu.externaltools.gnu-tools-for-stm32.12.3.rel1.win32_1.0.200.202406191623/tools/bin/../lib/gcc/arm-none-eabi/12.3.1/../../../../arm-none-eabi/lib/thumb/v7e-m+fp/hard\libm.a(libm_a-s_cos.o)
 .ARM.attributes
                0x000003eb       0x34 E:/STM32CubeIDE_1.16.1/STM32CubeIDE/plugins/com.st.stm32cube.ide.mcu.externaltools.gnu-tools-for-stm32.12.3.rel1.win32_1.0.200.202406191623/tools/bin/../lib/gcc/arm-none-eabi/12.3.1/../../../../arm-none-eabi/lib/thumb/v7e-m+fp/hard\libm.a(libm_a-s_sin.o)
 .ARM.attributes
                0x0000041f       0x34 E:/STM32CubeIDE_1.16.1/STM32CubeIDE/plugins/com.st.stm32cube.ide.mcu.externaltools.gnu-tools-for-stm32.12.3.rel1.win32_1.0.200.202406191623/tools/bin/../lib/gcc/arm-none-eabi/12.3.1/../../../../arm-none-eabi/lib/thumb/v7e-m+fp/hard\libm.a(libm_a-k_cos.o)
 .ARM.attributes
                0x00000453       0x34 E:/STM32CubeIDE_1.16.1/STM32CubeIDE/plugins/com.st.stm32cube.ide.mcu.externaltools.gnu-tools-for-stm32.12.3.rel1.win32_1.0.200.202406191623/tools/bin/../lib/gcc/arm-none-eabi/12.3.1/../../../../arm-none-eabi/lib/thumb/v7e-m+fp/hard\libm.a(libm_a-k_sin.o)
 .ARM.attributes
                0x00000487       0x34 E:/STM32CubeIDE_1.16.1/STM32CubeIDE/plugins/com.st.stm32cube.ide.mcu.externaltools.gnu-tools-for-stm32.12.3.rel1.win32_1.0.200.202406191623/tools/bin/../lib/gcc/arm-none-eabi/12.3.1/../../../../arm-none-eabi/lib/thumb/v7e-m+fp/hard\libm.a(libm_a-e_rem_pio2.o)
 .ARM.attributes
                0x000004bb       0x34 E:/STM32CubeIDE_1.16.1/STM32CubeIDE/plugins/com.st.stm32cube.ide.mcu.externaltools.gnu-tools-for-stm32.12.3.rel1.win32_1.0.200.202406191623/tools/bin/../lib/gcc/arm-none-eabi/12.3.1/../../../../arm-none-eabi/lib/thumb/v7e-m+fp/hard\libm.a(libm_a-s_fabs.o)
 .ARM.attributes
                0x000004ef       0x34 E:/STM32CubeIDE_1.16.1/STM32CubeIDE/plugins/com.st.stm32cube.ide.mcu.externaltools.gnu-tools-for-stm32.12.3.rel1.win32_1.0.200.202406191623/tools/bin/../lib/gcc/arm-none-eabi/12.3.1/../../../../arm-none-eabi/lib/thumb/v7e-m+fp/hard\libm.a(libm_a-k_rem_pio2.o)
 .ARM.attributes
                0x00000523       0x34 E:/STM32CubeIDE_1.16.1/STM32CubeIDE/plugins/com.st.stm32cube.ide.mcu.externaltools.gnu-tools-for-stm32.12.3.rel1.win32_1.0.200.202406191623/tools/bin/../lib/gcc/arm-none-eabi/12.3.1/../../../../arm-none-eabi/lib/thumb/v7e-m+fp/hard\libm.a(libm_a-s_scalbn.o)
 .ARM.attributes
                0x00000557       0x34 E:/STM32CubeIDE_1.16.1/STM32CubeIDE/plugins/com.st.stm32cube.ide.mcu.externaltools.gnu-tools-for-stm32.12.3.rel1.win32_1.0.200.202406191623/tools/bin/../lib/gcc/arm-none-eabi/12.3.1/../../../../arm-none-eabi/lib/thumb/v7e-m+fp/hard\libm.a(libm_a-s_floor.o)
 .ARM.attributes
                0x0000058b       0x22 E:/STM32CubeIDE_1.16.1/STM32CubeIDE/plugins/com.st.stm32cube.ide.mcu.externaltools.gnu-tools-for-stm32.12.3.rel1.win32_1.0.200.202406191623/tools/bin/../lib/gcc/arm-none-eabi/12.3.1/thumb/v7e-m+fp/hard\libgcc.a(_arm_addsubdf3.o)
 .ARM.attributes
                0x000005ad       0x22 E:/STM32CubeIDE_1.16.1/STM32CubeIDE/plugins/com.st.stm32cube.ide.mcu.externaltools.gnu-tools-for-stm32.12.3.rel1.win32_1.0.200.202406191623/tools/bin/../lib/gcc/arm-none-eabi/12.3.1/thumb/v7e-m+fp/hard\libgcc.a(_arm_muldivdf3.o)
 .ARM.attributes
                0x000005cf       0x22 E:/STM32CubeIDE_1.16.1/STM32CubeIDE/plugins/com.st.stm32cube.ide.mcu.externaltools.gnu-tools-for-stm32.12.3.rel1.win32_1.0.200.202406191623/tools/bin/../lib/gcc/arm-none-eabi/12.3.1/thumb/v7e-m+fp/hard\libgcc.a(_arm_cmpdf2.o)
 .ARM.attributes
                0x000005f1       0x22 E:/STM32CubeIDE_1.16.1/STM32CubeIDE/plugins/com.st.stm32cube.ide.mcu.externaltools.gnu-tools-for-stm32.12.3.rel1.win32_1.0.200.202406191623/tools/bin/../lib/gcc/arm-none-eabi/12.3.1/thumb/v7e-m+fp/hard\libgcc.a(_arm_fixdfsi.o)
 .ARM.attributes
                0x00000613       0x22 E:/STM32CubeIDE_1.16.1/STM32CubeIDE/plugins/com.st.stm32cube.ide.mcu.externaltools.gnu-tools-for-stm32.12.3.rel1.win32_1.0.200.202406191623/tools/bin/../lib/gcc/arm-none-eabi/12.3.1/thumb/v7e-m+fp/hard\libgcc.a(_arm_truncdfsf2.o)
 .ARM.attributes
                0x00000635       0x22 E:/STM32CubeIDE_1.16.1/STM32CubeIDE/plugins/com.st.stm32cube.ide.mcu.externaltools.gnu-tools-for-stm32.12.3.rel1.win32_1.0.200.202406191623/tools/bin/../lib/gcc/arm-none-eabi/12.3.1/thumb/v7e-m+fp/hard\libgcc.a(_aeabi_uldivmod.o)
 .ARM.attributes
                0x00000657       0x34 E:/STM32CubeIDE_1.16.1/STM32CubeIDE/plugins/com.st.stm32cube.ide.mcu.externaltools.gnu-tools-for-stm32.12.3.rel1.win32_1.0.200.202406191623/tools/bin/../lib/gcc/arm-none-eabi/12.3.1/thumb/v7e-m+fp/hard\libgcc.a(_udivmoddi4.o)
 .ARM.attributes
                0x0000068b       0x22 E:/STM32CubeIDE_1.16.1/STM32CubeIDE/plugins/com.st.stm32cube.ide.mcu.externaltools.gnu-tools-for-stm32.12.3.rel1.win32_1.0.200.202406191623/tools/bin/../lib/gcc/arm-none-eabi/12.3.1/thumb/v7e-m+fp/hard\libgcc.a(_dvmd_tls.o)
 .ARM.attributes
                0x000006ad       0x22 E:/STM32CubeIDE_1.16.1/STM32CubeIDE/plugins/com.st.stm32cube.ide.mcu.externaltools.gnu-tools-for-stm32.12.3.rel1.win32_1.0.200.202406191623/tools/bin/../lib/gcc/arm-none-eabi/12.3.1/thumb/v7e-m+fp/hard/crtn.o
OUTPUT(Save_audio.elf elf32-littlearm)
LOAD linker stubs
LOAD E:/STM32CubeIDE_1.16.1/STM32CubeIDE/plugins/com.st.stm32cube.ide.mcu.externaltools.gnu-tools-for-stm32.12.3.rel1.win32_1.0.200.202406191623/tools/bin/../lib/gcc/arm-none-eabi/12.3.1/../../../../arm-none-eabi/lib/thumb/v7e-m+fp/hard\libc.a
LOAD E:/STM32CubeIDE_1.16.1/STM32CubeIDE/plugins/com.st.stm32cube.ide.mcu.externaltools.gnu-tools-for-stm32.12.3.rel1.win32_1.0.200.202406191623/tools/bin/../lib/gcc/arm-none-eabi/12.3.1/../../../../arm-none-eabi/lib/thumb/v7e-m+fp/hard\libm.a
LOAD E:/STM32CubeIDE_1.16.1/STM32CubeIDE/plugins/com.st.stm32cube.ide.mcu.externaltools.gnu-tools-for-stm32.12.3.rel1.win32_1.0.200.202406191623/tools/bin/../lib/gcc/arm-none-eabi/12.3.1/thumb/v7e-m+fp/hard\libgcc.a

.debug_info     0x00000000     0xbe0b
 .debug_info    0x00000000     0x1896 ./Core/Src/main.o
 .debug_info    0x00001896      0xcfd ./Core/Src/stm32f4xx_hal_msp.o
 .debug_info    0x00002593      0x3c1 ./Core/Src/stm32f4xx_it.o
 .debug_info    0x00002954      0x54a ./Core/Src/system_stm32f4xx.o
 .debug_info    0x00002e9e       0x30 ./Core/Startup/startup_stm32f446retx.o
 .debug_info    0x00002ece      0x99a ./Drivers/STM32F4xx_HAL_Driver/Src/stm32f4xx_hal.o
 .debug_info    0x00003868      0xdaa ./Drivers/STM32F4xx_HAL_Driver/Src/stm32f4xx_hal_cortex.o
 .debug_info    0x00004612      0x8e7 ./Drivers/STM32F4xx_HAL_Driver/Src/stm32f4xx_hal_dma.o
 .debug_info    0x00004ef9      0x70b ./Drivers/STM32F4xx_HAL_Driver/Src/stm32f4xx_hal_gpio.o
 .debug_info    0x00005604      0xd8e ./Drivers/STM32F4xx_HAL_Driver/Src/stm32f4xx_hal_i2s.o
 .debug_info    0x00006392      0x8eb ./Drivers/STM32F4xx_HAL_Driver/Src/stm32f4xx_hal_rcc.o
 .debug_info    0x00006c7d      0x956 ./Drivers/STM32F4xx_HAL_Driver/Src/stm32f4xx_hal_rcc_ex.o
 .debug_info    0x000075d3     0x2f4f ./Drivers/STM32F4xx_HAL_Driver/Src/stm32f4xx_hal_uart.o
 .debug_info    0x0000a522      0xb82 ../Middlewares/ST/ARM/DSP/Lib\libarm_cortexM4lf_math.a(arm_fir_init_f32.o)
 .debug_info    0x0000b0a4      0xd67 ../Middlewares/ST/ARM/DSP/Lib\libarm_cortexM4lf_math.a(arm_fir_f32.o)

.debug_abbrev   0x00000000     0x2032
 .debug_abbrev  0x00000000      0x390 ./Core/Src/main.o
 .debug_abbrev  0x00000390      0x244 ./Core/Src/stm32f4xx_hal_msp.o
 .debug_abbrev  0x000005d4      0x16b ./Core/Src/stm32f4xx_it.o
 .debug_abbrev  0x0000073f      0x11a ./Core/Src/system_stm32f4xx.o
 .debug_abbrev  0x00000859       0x24 ./Core/Startup/startup_stm32f446retx.o
 .debug_abbrev  0x0000087d      0x214 ./Drivers/STM32F4xx_HAL_Driver/Src/stm32f4xx_hal.o
 .debug_abbrev  0x00000a91      0x31d ./Drivers/STM32F4xx_HAL_Driver/Src/stm32f4xx_hal_cortex.o
 .debug_abbrev  0x00000dae      0x264 ./Drivers/STM32F4xx_HAL_Driver/Src/stm32f4xx_hal_dma.o
 .debug_abbrev  0x00001012      0x1d4 ./Drivers/STM32F4xx_HAL_Driver/Src/stm32f4xx_hal_gpio.o
 .debug_abbrev  0x000011e6      0x241 ./Drivers/STM32F4xx_HAL_Driver/Src/stm32f4xx_hal_i2s.o
 .debug_abbrev  0x00001427      0x2b7 ./Drivers/STM32F4xx_HAL_Driver/Src/stm32f4xx_hal_rcc.o
 .debug_abbrev  0x000016de      0x20a ./Drivers/STM32F4xx_HAL_Driver/Src/stm32f4xx_hal_rcc_ex.o
 .debug_abbrev  0x000018e8      0x30e ./Drivers/STM32F4xx_HAL_Driver/Src/stm32f4xx_hal_uart.o
 .debug_abbrev  0x00001bf6      0x227 ../Middlewares/ST/ARM/DSP/Lib\libarm_cortexM4lf_math.a(arm_fir_init_f32.o)
 .debug_abbrev  0x00001e1d      0x215 ../Middlewares/ST/ARM/DSP/Lib\libarm_cortexM4lf_math.a(arm_fir_f32.o)

.debug_aranges  0x00000000      0x8f0
 .debug_aranges
                0x00000000       0x98 ./Core/Src/main.o
 .debug_aranges
                0x00000098       0x40 ./Core/Src/stm32f4xx_hal_msp.o
 .debug_aranges
                0x000000d8       0x70 ./Core/Src/stm32f4xx_it.o
 .debug_aranges
                0x00000148       0x28 ./Core/Src/system_stm32f4xx.o
 .debug_aranges
                0x00000170       0x28 ./Core/Startup/startup_stm32f446retx.o
 .debug_aranges
                0x00000198       0xf0 ./Drivers/STM32F4xx_HAL_Driver/Src/stm32f4xx_hal.o
 .debug_aranges
                0x00000288      0x130 ./Drivers/STM32F4xx_HAL_Driver/Src/stm32f4xx_hal_cortex.o
 .debug_aranges
                0x000003b8       0x90 ./Drivers/STM32F4xx_HAL_Driver/Src/stm32f4xx_hal_dma.o
 .debug_aranges
                0x00000448       0x58 ./Drivers/STM32F4xx_HAL_Driver/Src/stm32f4xx_hal_gpio.o
 .debug_aranges
                0x000004a0      0x108 ./Drivers/STM32F4xx_HAL_Driver/Src/stm32f4xx_hal_i2s.o
 .debug_aranges
                0x000005a8       0x88 ./Drivers/STM32F4xx_HAL_Driver/Src/stm32f4xx_hal_rcc.o
 .debug_aranges
                0x00000630       0x78 ./Drivers/STM32F4xx_HAL_Driver/Src/stm32f4xx_hal_rcc_ex.o
 .debug_aranges
                0x000006a8      0x208 ./Drivers/STM32F4xx_HAL_Driver/Src/stm32f4xx_hal_uart.o
 .debug_aranges
                0x000008b0       0x20 ../Middlewares/ST/ARM/DSP/Lib\libarm_cortexM4lf_math.a(arm_fir_init_f32.o)
 .debug_aranges
                0x000008d0       0x20 ../Middlewares/ST/ARM/DSP/Lib\libarm_cortexM4lf_math.a(arm_fir_f32.o)

.debug_rnglists
                0x00000000      0x6ab
 .debug_rnglists
                0x00000000       0x72 ./Core/Src/main.o
 .debug_rnglists
                0x00000072       0x2e ./Core/Src/stm32f4xx_hal_msp.o
 .debug_rnglists
                0x000000a0       0x4f ./Core/Src/stm32f4xx_it.o
 .debug_rnglists
                0x000000ef       0x1a ./Core/Src/system_stm32f4xx.o
 .debug_rnglists
                0x00000109       0x19 ./Core/Startup/startup_stm32f446retx.o
 .debug_rnglists
                0x00000122       0xaf ./Drivers/STM32F4xx_HAL_Driver/Src/stm32f4xx_hal.o
 .debug_rnglists
                0x000001d1       0xe0 ./Drivers/STM32F4xx_HAL_Driver/Src/stm32f4xx_hal_cortex.o
 .debug_rnglists
                0x000002b1       0x70 ./Drivers/STM32F4xx_HAL_Driver/Src/stm32f4xx_hal_dma.o
 .debug_rnglists
                0x00000321       0x3f ./Drivers/STM32F4xx_HAL_Driver/Src/stm32f4xx_hal_gpio.o
 .debug_rnglists
                0x00000360       0xcb ./Drivers/STM32F4xx_HAL_Driver/Src/stm32f4xx_hal_i2s.o
 .debug_rnglists
                0x0000042b       0x66 ./Drivers/STM32F4xx_HAL_Driver/Src/stm32f4xx_hal_rcc.o
 .debug_rnglists
                0x00000491       0x5e ./Drivers/STM32F4xx_HAL_Driver/Src/stm32f4xx_hal_rcc_ex.o
 .debug_rnglists
                0x000004ef      0x1bc ./Drivers/STM32F4xx_HAL_Driver/Src/stm32f4xx_hal_uart.o

.debug_macro    0x00000000    0x21a66
 .debug_macro   0x00000000      0x36b ./Core/Src/main.o
 .debug_macro   0x0000036b      0xaba ./Core/Src/main.o
 .debug_macro   0x00000e25      0x29b ./Core/Src/main.o
 .debug_macro   0x000010c0       0x2e ./Core/Src/main.o
 .debug_macro   0x000010ee       0x28 ./Core/Src/main.o
 .debug_macro   0x00001116       0x22 ./Core/Src/main.o
 .debug_macro   0x00001138       0x8e ./Core/Src/main.o
 .debug_macro   0x000011c6       0x51 ./Core/Src/main.o
 .debug_macro   0x00001217      0x103 ./Core/Src/main.o
 .debug_macro   0x0000131a       0x6a ./Core/Src/main.o
 .debug_macro   0x00001384      0x1df ./Core/Src/main.o
 .debug_macro   0x00001563       0x1c ./Core/Src/main.o
 .debug_macro   0x0000157f       0x22 ./Core/Src/main.o
 .debug_macro   0x000015a1       0xfb ./Core/Src/main.o
 .debug_macro   0x0000169c     0x1011 ./Core/Src/main.o
 .debug_macro   0x000026ad      0x11f ./Core/Src/main.o
 .debug_macro   0x000027cc    0x16749 ./Core/Src/main.o
 .debug_macro   0x00018f15       0x6d ./Core/Src/main.o
 .debug_macro   0x00018f82     0x369a ./Core/Src/main.o
 .debug_macro   0x0001c61c      0x189 ./Core/Src/main.o
 .debug_macro   0x0001c7a5       0x5c ./Core/Src/main.o
 .debug_macro   0x0001c801      0xca5 ./Core/Src/main.o
 .debug_macro   0x0001d4a6      0x9e9 ./Core/Src/main.o
 .debug_macro   0x0001de8f      0x115 ./Core/Src/main.o
 .debug_macro   0x0001dfa4      0x1a0 ./Core/Src/main.o
 .debug_macro   0x0001e144       0xa5 ./Core/Src/main.o
 .debug_macro   0x0001e1e9      0x16d ./Core/Src/main.o
 .debug_macro   0x0001e356      0x287 ./Core/Src/main.o
 .debug_macro   0x0001e5dd       0x5f ./Core/Src/main.o
 .debug_macro   0x0001e63c      0x236 ./Core/Src/main.o
 .debug_macro   0x0001e872      0x132 ./Core/Src/main.o
 .debug_macro   0x0001e9a4      0x29c ./Core/Src/main.o
 .debug_macro   0x0001ec40       0x2e ./Core/Src/main.o
 .debug_macro   0x0001ec6e      0x1b5 ./Core/Src/main.o
 .debug_macro   0x0001ee23       0x4a ./Core/Src/main.o
 .debug_macro   0x0001ee6d      0x127 ./Core/Src/main.o
 .debug_macro   0x0001ef94       0xe8 ./Core/Src/main.o
 .debug_macro   0x0001f07c       0x89 ./Core/Src/main.o
 .debug_macro   0x0001f105      0x2aa ./Core/Src/main.o
 .debug_macro   0x0001f3af      0x126 ./Core/Src/main.o
 .debug_macro   0x0001f4d5       0x58 ./Core/Src/main.o
 .debug_macro   0x0001f52d       0x61 ./Core/Src/main.o
 .debug_macro   0x0001f58e       0x2a ./Core/Src/main.o
 .debug_macro   0x0001f5b8       0x43 ./Core/Src/main.o
 .debug_macro   0x0001f5fb       0x34 ./Core/Src/main.o
 .debug_macro   0x0001f62f       0x16 ./Core/Src/main.o
 .debug_macro   0x0001f645       0x43 ./Core/Src/main.o
 .debug_macro   0x0001f688       0x34 ./Core/Src/main.o
 .debug_macro   0x0001f6bc       0x10 ./Core/Src/main.o
 .debug_macro   0x0001f6cc       0x58 ./Core/Src/main.o
 .debug_macro   0x0001f724       0x8e ./Core/Src/main.o
 .debug_macro   0x0001f7b2       0x1c ./Core/Src/main.o
 .debug_macro   0x0001f7ce      0x177 ./Core/Src/main.o
 .debug_macro   0x0001f945      0x369 ./Core/Src/main.o
 .debug_macro   0x0001fcae       0x10 ./Core/Src/main.o
 .debug_macro   0x0001fcbe       0x35 ./Core/Src/main.o
 .debug_macro   0x0001fcf3       0x20 ./Core/Src/main.o
 .debug_macro   0x0001fd13      0x19b ./Core/Src/main.o
 .debug_macro   0x0001feae      0x201 ./Core/Src/main.o
 .debug_macro   0x000200af       0x7c ./Core/Src/main.o
 .debug_macro   0x0002012b       0x17 ./Core/Src/main.o
 .debug_macro   0x00020142      0x118 ./Core/Src/main.o
 .debug_macro   0x0002025a      0x169 ./Core/Src/main.o
 .debug_macro   0x000203c3       0x1c ./Core/Src/main.o
 .debug_macro   0x000203df       0x10 ./Core/Src/main.o
 .debug_macro   0x000203ef       0x1c ./Core/Src/main.o
 .debug_macro   0x0002040b       0x16 ./Core/Src/main.o
 .debug_macro   0x00020421      0x146 ./Core/Src/main.o
 .debug_macro   0x00020567       0x22 ./Core/Src/main.o
 .debug_macro   0x00020589      0x1e3 ./Core/Src/stm32f4xx_hal_msp.o
 .debug_macro   0x0002076c      0x1ed ./Core/Src/stm32f4xx_it.o
 .debug_macro   0x00020959      0x1d4 ./Core/Src/system_stm32f4xx.o
 .debug_macro   0x00020b2d      0x234 ./Drivers/STM32F4xx_HAL_Driver/Src/stm32f4xx_hal.o
 .debug_macro   0x00020d61      0x1d4 ./Drivers/STM32F4xx_HAL_Driver/Src/stm32f4xx_hal_cortex.o
 .debug_macro   0x00020f35      0x1da ./Drivers/STM32F4xx_HAL_Driver/Src/stm32f4xx_hal_dma.o
 .debug_macro   0x0002110f      0x1da ./Drivers/STM32F4xx_HAL_Driver/Src/stm32f4xx_hal_gpio.o
 .debug_macro   0x000212e9      0x1dc ./Drivers/STM32F4xx_HAL_Driver/Src/stm32f4xx_hal_i2s.o
 .debug_macro   0x000214c5      0x1f8 ./Drivers/STM32F4xx_HAL_Driver/Src/stm32f4xx_hal_rcc.o
 .debug_macro   0x000216bd      0x1d4 ./Drivers/STM32F4xx_HAL_Driver/Src/stm32f4xx_hal_rcc_ex.o
 .debug_macro   0x00021891      0x1d5 ./Drivers/STM32F4xx_HAL_Driver/Src/stm32f4xx_hal_uart.o

.debug_line     0x00000000     0xc0cc
 .debug_line    0x00000000      0xe5e ./Core/Src/main.o
 .debug_line    0x00000e5e      0x894 ./Core/Src/stm32f4xx_hal_msp.o
 .debug_line    0x000016f2      0x835 ./Core/Src/stm32f4xx_it.o
 .debug_line    0x00001f27      0x7c7 ./Core/Src/system_stm32f4xx.o
 .debug_line    0x000026ee       0x7a ./Core/Startup/startup_stm32f446retx.o
 .debug_line    0x00002768      0xa30 ./Drivers/STM32F4xx_HAL_Driver/Src/stm32f4xx_hal.o
 .debug_line    0x00003198      0xd22 ./Drivers/STM32F4xx_HAL_Driver/Src/stm32f4xx_hal_cortex.o
 .debug_line    0x00003eba      0xfa0 ./Drivers/STM32F4xx_HAL_Driver/Src/stm32f4xx_hal_dma.o
 .debug_line    0x00004e5a      0xba8 ./Drivers/STM32F4xx_HAL_Driver/Src/stm32f4xx_hal_gpio.o
 .debug_line    0x00005a02     0x115f ./Drivers/STM32F4xx_HAL_Driver/Src/stm32f4xx_hal_i2s.o
 .debug_line    0x00006b61      0xdc7 ./Drivers/STM32F4xx_HAL_Driver/Src/stm32f4xx_hal_rcc.o
 .debug_line    0x00007928     0x1437 ./Drivers/STM32F4xx_HAL_Driver/Src/stm32f4xx_hal_rcc_ex.o
 .debug_line    0x00008d5f     0x2902 ./Drivers/STM32F4xx_HAL_Driver/Src/stm32f4xx_hal_uart.o
 .debug_line    0x0000b661      0x233 ../Middlewares/ST/ARM/DSP/Lib\libarm_cortexM4lf_math.a(arm_fir_init_f32.o)
 .debug_line    0x0000b894      0x838 ../Middlewares/ST/ARM/DSP/Lib\libarm_cortexM4lf_math.a(arm_fir_f32.o)

.debug_str      0x00000000    0xcbb90
 .debug_str     0x00000000    0xc992b ./Core/Src/main.o
                              0xc9de0 (size before relaxing)
 .debug_str     0x000c992b       0xc1 ./Core/Src/stm32f4xx_hal_msp.o
                              0xc4006 (size before relaxing)
 .debug_str     0x000c99ec      0x10c ./Core/Src/stm32f4xx_it.o
                              0xc3acb (size before relaxing)
 .debug_str     0x000c9af8       0xdb ./Core/Src/system_stm32f4xx.o
                              0xc3837 (size before relaxing)
 .debug_str     0x000c9bd3       0x44 ./Core/Startup/startup_stm32f446retx.o
                                 0x5e (size before relaxing)
 .debug_str     0x000c9c17      0x5ee ./Drivers/STM32F4xx_HAL_Driver/Src/stm32f4xx_hal.o
                              0xc43fc (size before relaxing)
 .debug_str     0x000ca205      0x37f ./Drivers/STM32F4xx_HAL_Driver/Src/stm32f4xx_hal_cortex.o
                              0xc4153 (size before relaxing)
 .debug_str     0x000ca584      0x2f3 ./Drivers/STM32F4xx_HAL_Driver/Src/stm32f4xx_hal_dma.o
                              0xc3c2c (size before relaxing)
 .debug_str     0x000ca877      0x110 ./Drivers/STM32F4xx_HAL_Driver/Src/stm32f4xx_hal_gpio.o
                              0xc39b2 (size before relaxing)
 .debug_str     0x000ca987      0x275 ./Drivers/STM32F4xx_HAL_Driver/Src/stm32f4xx_hal_i2s.o
                              0xc3ddc (size before relaxing)
 .debug_str     0x000cabfc      0x228 ./Drivers/STM32F4xx_HAL_Driver/Src/stm32f4xx_hal_rcc.o
                              0xc3c70 (size before relaxing)
 .debug_str     0x000cae24      0x182 ./Drivers/STM32F4xx_HAL_Driver/Src/stm32f4xx_hal_rcc_ex.o
                              0xc3ca3 (size before relaxing)
 .debug_str     0x000cafa6      0x5ff ./Drivers/STM32F4xx_HAL_Driver/Src/stm32f4xx_hal_uart.o
                              0xc4227 (size before relaxing)
 .debug_str     0x000cb5a5      0x571 ../Middlewares/ST/ARM/DSP/Lib\libarm_cortexM4lf_math.a(arm_fir_init_f32.o)
                                0x6bd (size before relaxing)
 .debug_str     0x000cbb16       0x7a ../Middlewares/ST/ARM/DSP/Lib\libarm_cortexM4lf_math.a(arm_fir_f32.o)
                                0x6e7 (size before relaxing)

.comment        0x00000000       0xbc
 .comment       0x00000000       0x43 ./Core/Src/main.o
                                 0x44 (size before relaxing)
 .comment       0x00000043       0x44 ./Core/Src/stm32f4xx_hal_msp.o
 .comment       0x00000043       0x44 ./Core/Src/stm32f4xx_it.o
 .comment       0x00000043       0x44 ./Core/Src/system_stm32f4xx.o
 .comment       0x00000043       0x44 ./Drivers/STM32F4xx_HAL_Driver/Src/stm32f4xx_hal.o
 .comment       0x00000043       0x44 ./Drivers/STM32F4xx_HAL_Driver/Src/stm32f4xx_hal_cortex.o
 .comment       0x00000043       0x44 ./Drivers/STM32F4xx_HAL_Driver/Src/stm32f4xx_hal_dma.o
 .comment       0x00000043       0x44 ./Drivers/STM32F4xx_HAL_Driver/Src/stm32f4xx_hal_gpio.o
 .comment       0x00000043       0x44 ./Drivers/STM32F4xx_HAL_Driver/Src/stm32f4xx_hal_i2s.o
 .comment       0x00000043       0x44 ./Drivers/STM32F4xx_HAL_Driver/Src/stm32f4xx_hal_rcc.o
 .comment       0x00000043       0x44 ./Drivers/STM32F4xx_HAL_Driver/Src/stm32f4xx_hal_rcc_ex.o
 .comment       0x00000043       0x44 ./Drivers/STM32F4xx_HAL_Driver/Src/stm32f4xx_hal_uart.o
 .comment       0x00000043       0x79 ../Middlewares/ST/ARM/DSP/Lib\libarm_cortexM4lf_math.a(arm_fir_init_f32.o)
                                 0x7a (size before relaxing)
 .comment       0x000000bc       0x7a ../Middlewares/ST/ARM/DSP/Lib\libarm_cortexM4lf_math.a(arm_fir_f32.o)

.debug_frame    0x00000000     0x27c8
 .debug_frame   0x00000000      0x234 ./Core/Src/main.o
 .debug_frame   0x00000234       0xc8 ./Core/Src/stm32f4xx_hal_msp.o
 .debug_frame   0x000002fc      0x13c ./Core/Src/stm32f4xx_it.o
 .debug_frame   0x00000438       0x58 ./Core/Src/system_stm32f4xx.o
 .debug_frame   0x00000490      0x374 ./Drivers/STM32F4xx_HAL_Driver/Src/stm32f4xx_hal.o
 .debug_frame   0x00000804      0x508 ./Drivers/STM32F4xx_HAL_Driver/Src/stm32f4xx_hal_cortex.o
 .debug_frame   0x00000d0c      0x250 ./Drivers/STM32F4xx_HAL_Driver/Src/stm32f4xx_hal_dma.o
 .debug_frame   0x00000f5c      0x14c ./Drivers/STM32F4xx_HAL_Driver/Src/stm32f4xx_hal_gpio.o
 .debug_frame   0x000010a8      0x47c ./Drivers/STM32F4xx_HAL_Driver/Src/stm32f4xx_hal_i2s.o
 .debug_frame   0x00001524      0x1f4 ./Drivers/STM32F4xx_HAL_Driver/Src/stm32f4xx_hal_rcc.o
 .debug_frame   0x00001718      0x1e8 ./Drivers/STM32F4xx_HAL_Driver/Src/stm32f4xx_hal_rcc_ex.o
 .debug_frame   0x00001900      0x954 ./Drivers/STM32F4xx_HAL_Driver/Src/stm32f4xx_hal_uart.o
 .debug_frame   0x00002254       0x2c ../Middlewares/ST/ARM/DSP/Lib\libarm_cortexM4lf_math.a(arm_fir_init_f32.o)
 .debug_frame   0x00002280       0x98 ../Middlewares/ST/ARM/DSP/Lib\libarm_cortexM4lf_math.a(arm_fir_f32.o)
 .debug_frame   0x00002318       0x20 E:/STM32CubeIDE_1.16.1/STM32CubeIDE/plugins/com.st.stm32cube.ide.mcu.externaltools.gnu-tools-for-stm32.12.3.rel1.win32_1.0.200.202406191623/tools/bin/../lib/gcc/arm-none-eabi/12.3.1/../../../../arm-none-eabi/lib/thumb/v7e-m+fp/hard\libc_nano.a(libc_a-memset.o)
 .debug_frame   0x00002338       0x2c E:/STM32CubeIDE_1.16.1/STM32CubeIDE/plugins/com.st.stm32cube.ide.mcu.externaltools.gnu-tools-for-stm32.12.3.rel1.win32_1.0.200.202406191623/tools/bin/../lib/gcc/arm-none-eabi/12.3.1/../../../../arm-none-eabi/lib/thumb/v7e-m+fp/hard\libc_nano.a(libc_a-init.o)
 .debug_frame   0x00002364       0x38 E:/STM32CubeIDE_1.16.1/STM32CubeIDE/plugins/com.st.stm32cube.ide.mcu.externaltools.gnu-tools-for-stm32.12.3.rel1.win32_1.0.200.202406191623/tools/bin/../lib/gcc/arm-none-eabi/12.3.1/../../../../arm-none-eabi/lib/thumb/v7e-m+fp/hard\libm.a(libm_a-s_cos.o)
 .debug_frame   0x0000239c       0x38 E:/STM32CubeIDE_1.16.1/STM32CubeIDE/plugins/com.st.stm32cube.ide.mcu.externaltools.gnu-tools-for-stm32.12.3.rel1.win32_1.0.200.202406191623/tools/bin/../lib/gcc/arm-none-eabi/12.3.1/../../../../arm-none-eabi/lib/thumb/v7e-m+fp/hard\libm.a(libm_a-s_sin.o)
 .debug_frame   0x000023d4       0x3c E:/STM32CubeIDE_1.16.1/STM32CubeIDE/plugins/com.st.stm32cube.ide.mcu.externaltools.gnu-tools-for-stm32.12.3.rel1.win32_1.0.200.202406191623/tools/bin/../lib/gcc/arm-none-eabi/12.3.1/../../../../arm-none-eabi/lib/thumb/v7e-m+fp/hard\libm.a(libm_a-k_cos.o)
 .debug_frame   0x00002410       0x40 E:/STM32CubeIDE_1.16.1/STM32CubeIDE/plugins/com.st.stm32cube.ide.mcu.externaltools.gnu-tools-for-stm32.12.3.rel1.win32_1.0.200.202406191623/tools/bin/../lib/gcc/arm-none-eabi/12.3.1/../../../../arm-none-eabi/lib/thumb/v7e-m+fp/hard\libm.a(libm_a-k_sin.o)
 .debug_frame   0x00002450       0x40 E:/STM32CubeIDE_1.16.1/STM32CubeIDE/plugins/com.st.stm32cube.ide.mcu.externaltools.gnu-tools-for-stm32.12.3.rel1.win32_1.0.200.202406191623/tools/bin/../lib/gcc/arm-none-eabi/12.3.1/../../../../arm-none-eabi/lib/thumb/v7e-m+fp/hard\libm.a(libm_a-e_rem_pio2.o)
 .debug_frame   0x00002490       0x20 E:/STM32CubeIDE_1.16.1/STM32CubeIDE/plugins/com.st.stm32cube.ide.mcu.externaltools.gnu-tools-for-stm32.12.3.rel1.win32_1.0.200.202406191623/tools/bin/../lib/gcc/arm-none-eabi/12.3.1/../../../../arm-none-eabi/lib/thumb/v7e-m+fp/hard\libm.a(libm_a-s_fabs.o)
 .debug_frame   0x000024b0       0x54 E:/STM32CubeIDE_1.16.1/STM32CubeIDE/plugins/com.st.stm32cube.ide.mcu.externaltools.gnu-tools-for-stm32.12.3.rel1.win32_1.0.200.202406191623/tools/bin/../lib/gcc/arm-none-eabi/12.3.1/../../../../arm-none-eabi/lib/thumb/v7e-m+fp/hard\libm.a(libm_a-k_rem_pio2.o)
 .debug_frame   0x00002504       0x2c E:/STM32CubeIDE_1.16.1/STM32CubeIDE/plugins/com.st.stm32cube.ide.mcu.externaltools.gnu-tools-for-stm32.12.3.rel1.win32_1.0.200.202406191623/tools/bin/../lib/gcc/arm-none-eabi/12.3.1/../../../../arm-none-eabi/lib/thumb/v7e-m+fp/hard\libm.a(libm_a-s_scalbn.o)
 .debug_frame   0x00002530       0x30 E:/STM32CubeIDE_1.16.1/STM32CubeIDE/plugins/com.st.stm32cube.ide.mcu.externaltools.gnu-tools-for-stm32.12.3.rel1.win32_1.0.200.202406191623/tools/bin/../lib/gcc/arm-none-eabi/12.3.1/../../../../arm-none-eabi/lib/thumb/v7e-m+fp/hard\libm.a(libm_a-s_floor.o)
 .debug_frame   0x00002560       0xac E:/STM32CubeIDE_1.16.1/STM32CubeIDE/plugins/com.st.stm32cube.ide.mcu.externaltools.gnu-tools-for-stm32.12.3.rel1.win32_1.0.200.202406191623/tools/bin/../lib/gcc/arm-none-eabi/12.3.1/thumb/v7e-m+fp/hard\libgcc.a(_arm_addsubdf3.o)
 .debug_frame   0x0000260c       0x50 E:/STM32CubeIDE_1.16.1/STM32CubeIDE/plugins/com.st.stm32cube.ide.mcu.externaltools.gnu-tools-for-stm32.12.3.rel1.win32_1.0.200.202406191623/tools/bin/../lib/gcc/arm-none-eabi/12.3.1/thumb/v7e-m+fp/hard\libgcc.a(_arm_muldivdf3.o)
 .debug_frame   0x0000265c       0xc4 E:/STM32CubeIDE_1.16.1/STM32CubeIDE/plugins/com.st.stm32cube.ide.mcu.externaltools.gnu-tools-for-stm32.12.3.rel1.win32_1.0.200.202406191623/tools/bin/../lib/gcc/arm-none-eabi/12.3.1/thumb/v7e-m+fp/hard\libgcc.a(_arm_cmpdf2.o)
 .debug_frame   0x00002720       0x24 E:/STM32CubeIDE_1.16.1/STM32CubeIDE/plugins/com.st.stm32cube.ide.mcu.externaltools.gnu-tools-for-stm32.12.3.rel1.win32_1.0.200.202406191623/tools/bin/../lib/gcc/arm-none-eabi/12.3.1/thumb/v7e-m+fp/hard\libgcc.a(_arm_fixdfsi.o)
 .debug_frame   0x00002744       0x24 E:/STM32CubeIDE_1.16.1/STM32CubeIDE/plugins/com.st.stm32cube.ide.mcu.externaltools.gnu-tools-for-stm32.12.3.rel1.win32_1.0.200.202406191623/tools/bin/../lib/gcc/arm-none-eabi/12.3.1/thumb/v7e-m+fp/hard\libgcc.a(_arm_truncdfsf2.o)
 .debug_frame   0x00002768       0x2c E:/STM32CubeIDE_1.16.1/STM32CubeIDE/plugins/com.st.stm32cube.ide.mcu.externaltools.gnu-tools-for-stm32.12.3.rel1.win32_1.0.200.202406191623/tools/bin/../lib/gcc/arm-none-eabi/12.3.1/thumb/v7e-m+fp/hard\libgcc.a(_aeabi_uldivmod.o)
 .debug_frame   0x00002794       0x34 E:/STM32CubeIDE_1.16.1/STM32CubeIDE/plugins/com.st.stm32cube.ide.mcu.externaltools.gnu-tools-for-stm32.12.3.rel1.win32_1.0.200.202406191623/tools/bin/../lib/gcc/arm-none-eabi/12.3.1/thumb/v7e-m+fp/hard\libgcc.a(_udivmoddi4.o)

.debug_line_str
                0x00000000       0x42
 .debug_line_str
                0x00000000       0x42 ./Core/Startup/startup_stm32f446retx.o

.debug_loc      0x00000000      0xd95
 .debug_loc     0x00000000       0xdb ../Middlewares/ST/ARM/DSP/Lib\libarm_cortexM4lf_math.a(arm_fir_init_f32.o)
 .debug_loc     0x000000db      0xcba ../Middlewares/ST/ARM/DSP/Lib\libarm_cortexM4lf_math.a(arm_fir_f32.o)

.debug_ranges   0x00000000       0x20
 .debug_ranges  0x00000000       0x10 ../Middlewares/ST/ARM/DSP/Lib\libarm_cortexM4lf_math.a(arm_fir_init_f32.o)
 .debug_ranges  0x00000010       0x10 ../Middlewares/ST/ARM/DSP/Lib\libarm_cortexM4lf_math.a(arm_fir_f32.o)
