../Core/Src/main.c:51:6:check_s1_pressed	16	static
../Core/Src/main.c:76:6:check_specific_button_pressed	32	static
../Core/Src/main.c:96:6:map_button_to_row_col	24	static
../Core/Src/main.c:102:6:bandpass_fir	40	static
../Core/Src/main.c:120:6:lowpass_fir	40	static
../Core/Src/main.c:137:6:init_filter	16	static
../Core/Src/main.c:147:6:HAL_I2S_RxCpltCallback	24	static
../Core/Src/main.c:222:5:main	8	static
../Core/Src/main.c:255:6:SystemClock_Config	88	static
../Core/Src/main.c:302:6:PeriphCommonClock_Config	104	static
../Core/Src/main.c:333:13:MX_I2S2_Init	8	static
../Core/Src/main.c:367:13:MX_I2S3_Init	8	static
../Core/Src/main.c:384:13:MX_USART2_UART_Init	8	static
../Core/Src/main.c:400:13:MX_DMA_Init	16	static
../Core/Src/main.c:416:13:MX_GPIO_Init	48	static
../Core/Src/main.c:461:6:Error_Handler	4	static,ignoring_inline_asm
