../Core/Src/main.c:52:6:check_s1_pressed	16	static
../Core/Src/main.c:73:6:check_specific_button_pressed	32	static
../Core/Src/main.c:93:6:map_button_to_row_col	24	static
../Core/Src/main.c:99:6:bandpass_fir	40	static
../Core/Src/main.c:117:6:lowpass_fir	40	static
../Core/Src/main.c:134:6:init_filter	16	static
../Core/Src/main.c:144:6:HAL_I2S_RxCpltCallback	24	static
../Core/Src/main.c:217:5:main	8	static
../Core/Src/main.c:254:6:SystemClock_Config	88	static
../Core/Src/main.c:301:6:PeriphCommonClock_Config	104	static
../Core/Src/main.c:332:13:MX_I2S2_Init	8	static
../Core/Src/main.c:366:13:MX_I2S3_Init	8	static
../Core/Src/main.c:400:13:MX_USART2_UART_Init	8	static
../Core/Src/main.c:431:13:MX_DMA_Init	16	static
../Core/Src/main.c:452:13:MX_GPIO_Init	48	static
../Core/Src/main.c:508:6:Error_Handler	4	static,ignoring_inline_asm
